Archive member included because of file (symbol)

libbb/lib.a(appletlib.o)      /opt/FriendlyARM/toolschain/4.4.3/arm-none-linux-gnueabi//sys-root/usr/lib/crt1.o (main)
libbb/lib.a(concat_path_file.o)
                              libbb/lib.a(appletlib.o) (concat_path_file)
libbb/lib.a(default_error_retval.o)
                              libbb/lib.a(appletlib.o) (xfunc_error_retval)
libbb/lib.a(get_last_path_component.o)
                              libbb/lib.a(appletlib.o) (bb_get_last_path_component_nostrip)
libbb/lib.a(last_char_is.o)   libbb/lib.a(concat_path_file.o) (last_char_is)
libbb/lib.a(llist.o)          libbb/lib.a(appletlib.o) (llist_free)
libbb/lib.a(messages.o)       libbb/lib.a(appletlib.o) (bb_banner)
libbb/lib.a(perror_msg.o)     libbb/lib.a(appletlib.o) (bb_simple_perror_msg)
libbb/lib.a(ptr_to_globals.o)
                              libbb/lib.a(appletlib.o) (bb_errno)
libbb/lib.a(skip_whitespace.o)
                              libbb/lib.a(appletlib.o) (skip_whitespace)
libbb/lib.a(verror_msg.o)     libbb/lib.a(perror_msg.o) (bb_verror_msg)
libbb/lib.a(wfopen.o)         libbb/lib.a(appletlib.o) (fopen_for_read)
libbb/lib.a(xfunc_die.o)      libbb/lib.a(appletlib.o) (xfunc_die)
libbb/lib.a(xfuncs.o)         libbb/lib.a(appletlib.o) (get_terminal_width_height)
libbb/lib.a(xfuncs_printf.o)  libbb/lib.a(appletlib.o) (xsetuid)
libbb/lib.a(xreadlink.o)      libbb/lib.a(appletlib.o) (xmalloc_readlink)
libbb/lib.a(copyfd.o)         libbb/lib.a(xfuncs_printf.o) (bb_copyfd_eof)
libbb/lib.a(full_write.o)     libbb/lib.a(verror_msg.o) (full_write)
libbb/lib.a(read.o)           libbb/lib.a(copyfd.o) (safe_read)
libbb/lib.a(safe_write.o)     libbb/lib.a(full_write.o) (safe_write)
libbb/lib.a(time.o)           libbb/lib.a(xfuncs_printf.o) (monotonic_us)
libbb/lib.a(bb_strtonum.o)    libbb/lib.a(time.o) (bb_strtol)
libpwdgrp/lib.a(pwd_grp.o)    libbb/lib.a(appletlib.o) (bb_internal_getpwnam)
libpwdgrp/lib.a(uidgid_get.o)
                              libbb/lib.a(appletlib.o) (get_uidgid)
loginutils/lib.a(add-remove-shell.o)
                              libbb/lib.a(appletlib.o) (add_remove_shell_main)
loginutils/lib.a(addgroup.o)  libbb/lib.a(appletlib.o) (addgroup_main)
loginutils/lib.a(adduser.o)   libbb/lib.a(appletlib.o) (adduser_main)
loginutils/lib.a(chpasswd.o)  libbb/lib.a(appletlib.o) (chpasswd_main)
loginutils/lib.a(cryptpw.o)   libbb/lib.a(appletlib.o) (cryptpw_main)
loginutils/lib.a(deluser.o)   libbb/lib.a(appletlib.o) (deluser_main)
loginutils/lib.a(getty.o)     libbb/lib.a(appletlib.o) (getty_main)
loginutils/lib.a(login.o)     libbb/lib.a(appletlib.o) (login_main)
loginutils/lib.a(passwd.o)    libbb/lib.a(appletlib.o) (passwd_main)
loginutils/lib.a(su.o)        libbb/lib.a(appletlib.o) (su_main)
loginutils/lib.a(sulogin.o)   libbb/lib.a(appletlib.o) (sulogin_main)
loginutils/lib.a(vlock.o)     libbb/lib.a(appletlib.o) (vlock_main)
mailutils/lib.a(makemime.o)   libbb/lib.a(appletlib.o) (makemime_main)
mailutils/lib.a(popmaildir.o)
                              libbb/lib.a(appletlib.o) (popmaildir_main)
mailutils/lib.a(reformime.o)  libbb/lib.a(appletlib.o) (reformime_main)
mailutils/lib.a(sendmail.o)   libbb/lib.a(appletlib.o) (sendmail_main)
mailutils/lib.a(mail.o)       mailutils/lib.a(popmaildir.o) (get_cred_or_die)
miscutils/lib.a(adjtimex.o)   libbb/lib.a(appletlib.o) (adjtimex_main)
miscutils/lib.a(beep.o)       libbb/lib.a(appletlib.o) (beep_main)
miscutils/lib.a(chat.o)       libbb/lib.a(appletlib.o) (chat_main)
miscutils/lib.a(chrt.o)       libbb/lib.a(appletlib.o) (chrt_main)
miscutils/lib.a(conspy.o)     libbb/lib.a(appletlib.o) (conspy_main)
miscutils/lib.a(crond.o)      libbb/lib.a(appletlib.o) (crond_main)
miscutils/lib.a(crontab.o)    libbb/lib.a(appletlib.o) (crontab_main)
miscutils/lib.a(dc.o)         libbb/lib.a(appletlib.o) (dc_main)
miscutils/lib.a(devmem.o)     libbb/lib.a(appletlib.o) (devmem_main)
miscutils/lib.a(eject.o)      libbb/lib.a(appletlib.o) (eject_main)
miscutils/lib.a(fbsplash.o)   libbb/lib.a(appletlib.o) (fbsplash_main)
miscutils/lib.a(hdparm.o)     libbb/lib.a(appletlib.o) (hdparm_main)
miscutils/lib.a(ionice.o)     libbb/lib.a(appletlib.o) (ionice_main)
miscutils/lib.a(last_fancy.o)
                              libbb/lib.a(appletlib.o) (last_main)
miscutils/lib.a(less.o)       libbb/lib.a(appletlib.o) (less_main)
miscutils/lib.a(makedevs.o)   libbb/lib.a(appletlib.o) (makedevs_main)
miscutils/lib.a(man.o)        libbb/lib.a(appletlib.o) (man_main)
miscutils/lib.a(microcom.o)   libbb/lib.a(appletlib.o) (microcom_main)
miscutils/lib.a(mountpoint.o)
                              libbb/lib.a(appletlib.o) (mountpoint_main)
miscutils/lib.a(mt.o)         libbb/lib.a(appletlib.o) (mt_main)
miscutils/lib.a(nandwrite.o)  libbb/lib.a(appletlib.o) (nandwrite_main)
miscutils/lib.a(raidautorun.o)
                              libbb/lib.a(appletlib.o) (raidautorun_main)
miscutils/lib.a(readahead.o)  libbb/lib.a(appletlib.o) (readahead_main)
[...]
Memory Configuration

Name             Origin             Length             Attributes
*default*        0x00000000         0xffffffff

Linker script and memory map

LOAD /opt/FriendlyARM/toolschain/4.4.3/arm-none-linux-gnueabi//sys-root/usr/lib/crt1.o
LOAD /opt/FriendlyARM/toolschain/4.4.3/arm-none-linux-gnueabi//sys-root/usr/lib/crti.o
LOAD /opt/FriendlyARM/toolschain/4.4.3/lib/gcc/arm-none-linux-gnueabi/4.4.3/crtbegin.o
START GROUP
LOAD applets/built-in.o
LOAD archival/lib.a
LOAD archival/libarchive/lib.a
LOAD console-tools/lib.a
LOAD coreutils/lib.a
LOAD coreutils/libcoreutils/lib.a
LOAD debianutils/lib.a
LOAD e2fsprogs/lib.a
LOAD editors/lib.a
LOAD findutils/lib.a
LOAD init/lib.a
LOAD libbb/lib.a
LOAD libpwdgrp/lib.a
LOAD loginutils/lib.a
LOAD mailutils/lib.a
LOAD miscutils/lib.a
LOAD modutils/lib.a
LOAD networking/lib.a
LOAD networking/libiproute/lib.a
LOAD networking/udhcp/lib.a
LOAD printutils/lib.a
LOAD procps/lib.a
LOAD runit/lib.a
LOAD selinux/lib.a
LOAD shell/lib.a
LOAD sysklogd/lib.a
LOAD util-linux/lib.a
LOAD util-linux/volume_id/lib.a
LOAD archival/built-in.o
LOAD archival/libarchive/built-in.o
LOAD console-tools/built-in.o
LOAD coreutils/built-in.o
LOAD coreutils/libcoreutils/built-in.o
LOAD debianutils/built-in.o
LOAD e2fsprogs/built-in.o
LOAD editors/built-in.o
LOAD findutils/built-in.o
LOAD init/built-in.o
LOAD libbb/built-in.o
LOAD libpwdgrp/built-in.o
LOAD loginutils/built-in.o
LOAD mailutils/built-in.o
LOAD miscutils/built-in.o
LOAD modutils/built-in.o
LOAD networking/built-in.o
LOAD networking/libiproute/built-in.o
LOAD networking/udhcp/built-in.o
LOAD printutils/built-in.o
LOAD procps/built-in.o
LOAD runit/built-in.o
LOAD selinux/built-in.o
LOAD shell/built-in.o
LOAD sysklogd/built-in.o
LOAD util-linux/built-in.o
LOAD util-linux/volume_id/built-in.o
END GROUP
START GROUP
LOAD /opt/FriendlyARM/toolschain/4.4.3/arm-none-linux-gnueabi//sys-root/usr/lib/libm.so
END GROUP
LOAD /opt/FriendlyARM/toolschain/4.4.3/lib/gcc/arm-none-linux-gnueabi/4.4.3/libgcc.a
LOAD /opt/FriendlyARM/toolschain/4.4.3/lib/gcc/arm-none-linux-gnueabi/4.4.3/libgcc_eh.a
LOAD /opt/FriendlyARM/toolschain/4.4.3/arm-none-linux-gnueabi//sys-root/usr/lib/libc.so
START GROUP
LOAD /opt/FriendlyARM/toolschain/4.4.3/arm-none-linux-gnueabi//sys-root/lib/libc.so.6
LOAD /opt/FriendlyARM/toolschain/4.4.3/arm-none-linux-gnueabi//sys-root/usr/lib/libc_nonshared.a
LOAD /opt/FriendlyARM/toolschain/4.4.3/arm-none-linux-gnueabi//sys-root/lib/ld-linux.so.3
END GROUP
LOAD /opt/FriendlyARM/toolschain/4.4.3/lib/gcc/arm-none-linux-gnueabi/4.4.3/libgcc.a
LOAD /opt/FriendlyARM/toolschain/4.4.3/lib/gcc/arm-none-linux-gnueabi/4.4.3/libgcc_eh.a
LOAD /opt/FriendlyARM/toolschain/4.4.3/lib/gcc/arm-none-linux-gnueabi/4.4.3/crtend.o
LOAD /opt/FriendlyARM/toolschain/4.4.3/arm-none-linux-gnueabi//sys-root/usr/lib/crtn.o
                0x00008000                PROVIDE (__executable_start, 0x8000)
                0x00008154                . = (0x8000 + SIZEOF_HEADERS)

.interp         0x00008154       0x13
 *(SORT(.interp))
 .interp        0x00008154       0x13 /opt/FriendlyARM/toolschain/4.4.3/arm-none-linux-gnueabi//sys-root/usr/lib/crti.o

.note.gnu.build-id
 *(SORT(.note.gnu.build-id))

.hash           0x00008168      0xa4c
 *(SORT(.hash))
 .hash          0x00008168      0xa4c /opt/FriendlyARM/toolschain/4.4.3/arm-none-linux-gnueabi//sys-root/usr/lib/crti.o

.gnu.hash       0x00008bb4      0xc38
 *(SORT(.gnu.hash))
 .gnu.hash      0x00008bb4      0xc38 /opt/FriendlyARM/toolschain/4.4.3/arm-none-linux-gnueabi//sys-root/usr/lib/crti.o

.dynsym         0x000097ec     0x18a0
 *(SORT(.dynsym))
 .dynsym        0x000097ec     0x18a0 /opt/FriendlyARM/toolschain/4.4.3/arm-none-linux-gnueabi//sys-root/usr/lib/crti.o

.dynstr         0x0000b08c      0xcd3
 *(SORT(.dynstr))
 .dynstr        0x0000b08c      0xcd3 /opt/FriendlyARM/toolschain/4.4.3/arm-none-linux-gnueabi//sys-root/usr/lib/crti.o

.gnu.version    0x0000bd60      0x314
 *(SORT(.gnu.version))
 .gnu.version   0x0000bd60      0x314 /opt/FriendlyARM/toolschain/4.4.3/arm-none-linux-gnueabi//sys-root/usr/lib/crti.o

.gnu.version_d  0x0000c074        0x0
 *(SORT(.gnu.version_d))
 .gnu.version_d
                0x00000000        0x0 /opt/FriendlyARM/toolschain/4.4.3/arm-none-linux-gnueabi//sys-root/usr/lib/crti.o

.gnu.version_r  0x0000c074       0x40
 *(SORT(.gnu.version_r))
 .gnu.version_r
                0x0000c074       0x40 /opt/FriendlyARM/toolschain/4.4.3/arm-none-linux-gnueabi//sys-root/usr/lib/crti.o

.rel.dyn        0x0000c0b4       0x70
 *(SORT(.rel.init))
 *(SORT(.rel.text) SORT(.rel.text.*) SORT(.rel.gnu.linkonce.t.*))
 *(SORT(.rel.fini))
 *(SORT(.rel.rodata) SORT(.rel.rodata.*) SORT(.rel.gnu.linkonce.r.*))
 *(SORT(.rel.data.rel.ro*) SORT(.rel.gnu.linkonce.d.rel.ro.*))
 *(SORT(.rel.data) SORT(.rel.data.*) SORT(.rel.gnu.linkonce.d.*))
 *(SORT(.rel.tdata) SORT(.rel.tdata.*) SORT(.rel.gnu.linkonce.td.*))
 *(SORT(.rel.tbss) SORT(.rel.tbss.*) SORT(.rel.gnu.linkonce.tb.*))
 *(SORT(.rel.ctors))
 *(SORT(.rel.dtors))
 *(SORT(.rel.got))
 .rel.got       0x0000c0b4       0x28 /opt/FriendlyARM/toolschain/4.4.3/arm-none-linux-gnueabi//sys-root/usr/lib/crti.o
 *(SORT(.rel.bss) SORT(.rel.bss.*) SORT(.rel.gnu.linkonce.b.*))
 .rel.bss       0x0000c0dc       0x48 /opt/FriendlyARM/toolschain/4.4.3/arm-none-linux-gnueabi//sys-root/usr/lib/crti.o
                0x0000c124                PROVIDE (__rel_iplt_start, .)
 *(SORT(.rel.iplt))
                0x0000c124                PROVIDE (__rel_iplt_end, .)
                0x0000c124                PROVIDE (__rela_iplt_start, .)
                0x0000c124                PROVIDE (__rela_iplt_end, .)

.rela.dyn       0x0000c124        0x0
 *(SORT(.rela.init))
 *(SORT(.rela.text) SORT(.rela.text.*) SORT(.rela.gnu.linkonce.t.*))
 *(SORT(.rela.fini))
 *(SORT(.rela.rodata) SORT(.rela.rodata.*) SORT(.rela.gnu.linkonce.r.*))
 *(SORT(.rela.data) SORT(.rela.data.*) SORT(.rela.gnu.linkonce.d.*))
 *(SORT(.rela.tdata) SORT(.rela.tdata.*) SORT(.rela.gnu.linkonce.td.*))
 *(SORT(.rela.tbss) SORT(.rela.tbss.*) SORT(.rela.gnu.linkonce.tb.*))
 *(SORT(.rela.ctors))
 *(SORT(.rela.dtors))
 *(SORT(.rela.got))
 *(SORT(.rela.bss) SORT(.rela.bss.*) SORT(.rela.gnu.linkonce.b.*))
                0x0000c124                PROVIDE (__rel_iplt_start, .)
                0x0000c124                PROVIDE (__rel_iplt_end, .)
                0x0000c124                PROVIDE (__rela_iplt_start, .)
 *(SORT(.rela.iplt))
                0x0000c124                PROVIDE (__rela_iplt_end, .)

.rel.plt        0x0000c124      0xbb8
 *(SORT(.rel.plt))
 .rel.plt       0x0000c124      0xbb8 /opt/FriendlyARM/toolschain/4.4.3/arm-none-linux-gnueabi//sys-root/usr/lib/crti.o

.rela.plt
 *(SORT(.rela.plt))

.init           0x0000ccdc       0x10
 *(SORT(.init))
 .init          0x0000ccdc        0x8 /opt/FriendlyARM/toolschain/4.4.3/arm-none-linux-gnueabi//sys-root/usr/lib/crti.o
                0x0000ccdc                _init
 .init          0x0000cce4        0x8 /opt/FriendlyARM/toolschain/4.4.3/arm-none-linux-gnueabi//sys-root/usr/lib/crtn.o

.plt            0x0000ccec     0x11a8
 *(SORT(.plt))
 .plt           0x0000ccec     0x11a8 /opt/FriendlyARM/toolschain/4.4.3/arm-none-linux-gnueabi//sys-root/usr/lib/crti.o
                0x0000cd00                pututline@@GLIBC_2.4
                0x0000cd0c                getnameinfo@@GLIBC_2.4
                0x0000cd18                getpgrp@@GLIBC_2.4
                0x0000cd24                sync@@GLIBC_2.4
                0x0000cd30                if_nametoindex@@GLIBC_2.4
                0x0000cd3c                init_module@@GLIBC_2.4
                0x0000cd48                qsort@@GLIBC_2.4
                0x0000cd54                pmap_unset@@GLIBC_2.4
                0x0000cd60                sigemptyset@@GLIBC_2.4
                0x0000cd6c                daemon@@GLIBC_2.4
                0x0000cd78                strerror@@GLIBC_2.4
                0x0000cd84                updwtmp@@GLIBC_2.4
                0x0000cd90                fileno@@GLIBC_2.4
                0x0000cd9c                inet_ntop@@GLIBC_2.4
                0x0000cda8                regfree@@GLIBC_2.4
                0x0000cdb4                mkdir@@GLIBC_2.4
                0x0000cdc0                __sigsetjmp@@GLIBC_2.4
                0x0000cdcc                unsetenv@@GLIBC_2.4
                0x0000cdd8                reboot@@GLIBC_2.4
                0x0000cde4                hasmntopt@@GLIBC_2.4
                0x0000cdf0                localtime_r@@GLIBC_2.4
                0x0000cdfc                geteuid@@GLIBC_2.4
                0x0000ce08                abort@@GLIBC_2.4
                0x0000ce14                connect@@GLIBC_2.4
                0x0000ce20                getsockname@@GLIBC_2.4
                0x0000ce2c                random@@GLIBC_2.4
                0x0000ce38                srand@@GLIBC_2.4
                0x0000ce44                statfs64@@GLIBC_2.4
                0x0000ce50                setgroups@@GLIBC_2.4
                0x0000ce5c                getchar_unlocked@@GLIBC_2.4
                0x0000ce68                vprintf@@GLIBC_2.4
                0x0000ce74                strcasestr@@GLIBC_2.4
                0x0000ce80                localtime@@GLIBC_2.4
                0x0000ce8c                opendir@@GLIBC_2.4
                0x0000ce98                memcmp@@GLIBC_2.4
                0x0000cea4                sysconf@@GLIBC_2.4
                0x0000ceb0                syslog@@GLIBC_2.4
                0x0000cebc                mktemp@@GLIBC_2.4
                0x0000cec8                __libc_start_main@@GLIBC_2.4
                0x0000ced4                setlinebuf@@GLIBC_2.4
                0x0000cee0                setbuf@@GLIBC_2.4
                0x0000ceec                vasprintf@@GLIBC_2.4
                0x0000cef8                mkstemp64@@GLIBC_2.4
                0x0000cf04                sendfile64@@GLIBC_2.4
                0x0000cf10                inet_ntoa@@GLIBC_2.4
                0x0000cf1c                sigtimedwait@@GLIBC_2.4
                0x0000cf28                signal@@GLIBC_2.4
                0x0000cf34                getline@@GLIBC_2.4
                0x0000cf40                msgget@@GLIBC_2.4
                0x0000cf4c                sigismember@@GLIBC_2.4
                0x0000cf64                sched_yield@@GLIBC_2.4
                0x0000cf70                tzset@@GLIBC_2.4
                0x0000cf7c                cfgetispeed@@GLIBC_2.4
                0x0000cf88                vsnprintf@@GLIBC_2.4
                0x0000cf94                clearenv@@GLIBC_2.4
                0x0000cfa0                __gnu_Unwind_Find_exidx@@GLIBC_2.4
                0x0000cfac                strsep@@GLIBC_2.4
                0x0000cfb8                inet_addr@@GLIBC_2.4
                0x0000cfc4                vsprintf@@GLIBC_2.4
                0x0000cfd0                strptime@@GLIBC_2.4
                0x0000cfdc                pow@@GLIBC_2.4
                0x0000cfe8                rename@@GLIBC_2.4
                0x0000cff4                strncpy@@GLIBC_2.4
                0x0000d000                fclose@@GLIBC_2.4
                0x0000d00c                recv@@GLIBC_2.4
                0x0000d018                getenv@@GLIBC_2.4
                0x0000d024                ftello64@@GLIBC_2.4
                0x0000d030                strtod@@GLIBC_2.4
                0x0000d03c                system@@GLIBC_2.4
                0x0000d048                strchr@@GLIBC_2.4
                0x0000d054                semop@@GLIBC_2.4
                0x0000d060                putchar@@GLIBC_2.4
                0x0000d06c                strcasecmp@@GLIBC_2.4
                0x0000d078                dirname@@GLIBC_2.4
                0x0000d084                __cxa_atexit@@GLIBC_2.4
                0x0000d090                msgctl@@GLIBC_2.4
                0x0000d09c                swapon@@GLIBC_2.4
                0x0000d0a8                pclose@@GLIBC_2.4
                0x0000d0b4                fchown@@GLIBC_2.4
                0x0000d0c0                listen@@GLIBC_2.4
                0x0000d0cc                dprintf@@GLIBC_2.4
                0x0000d0d8                sendto@@GLIBC_2.4
                0x0000d0e4                stpcpy@@GLIBC_2.4
                0x0000d0f0                hstrerror@@GLIBC_2.4
                0x0000d0fc                shmat@@GLIBC_2.4
                0x0000d108                sched_get_priority_max@@GLIBC_2.4
                0x0000d114                mktime@@GLIBC_2.4
                0x0000d120                sched_setscheduler@@GLIBC_2.4
                0x0000d12c                cfsetspeed@@GLIBC_2.4
                0x0000d138                setegid@@GLIBC_2.4
                0x0000d144                memset@@GLIBC_2.4
                0x0000d150                uname@@GLIBC_2.4
                0x0000d15c                klogctl@@GLIBC_2.4
                0x0000d168                freeaddrinfo@@GLIBC_2.4
                0x0000d174                strrchr@@GLIBC_2.4
                0x0000d180                fsync@@GLIBC_2.4
                0x0000d18c                setsid@@GLIBC_2.4
                0x0000d198                getopt_long_only@@GLIBC_2.4
                0x0000d1a4                execvp@@GLIBC_2.4
                0x0000d1b0                ungetc@@GLIBC_2.4
                0x0000d1c8                wait@@GLIBC_2.4
                0x0000d1d4                strtoll@@GLIBC_2.4
                0x0000d1e0                chmod@@GLIBC_2.4
                0x0000d1ec                execlp@@GLIBC_2.4
                0x0000d1f8                exp@@GLIBC_2.4
                0x0000d204                __fxstat64@@GLIBC_2.4
                0x0000d210                fgets_unlocked@@GLIBC_2.4
                0x0000d21c                tcgetpgrp@@GLIBC_2.4
                0x0000d228                swapoff@@GLIBC_2.4
                0x0000d234                shmdt@@GLIBC_2.4
                0x0000d240                usleep@@GLIBC_2.4
                0x0000d24c                umount@@GLIBC_2.4
                0x0000d258                sqrt@@GLIBC_2.4
                0x0000d264                siglongjmp@@GLIBC_2.4
                0x0000d270                execle@@GLIBC_2.4
                0x0000d27c                cfmakeraw@@GLIBC_2.4
                0x0000d288                _exit@@GLIBC_2.4
                0x0000d294                pmap_set@@GLIBC_2.4
                0x0000d2a0                getuid@@GLIBC_2.4
                0x0000d2ac                strtoull@@GLIBC_2.4
                0x0000d2b8                tcdrain@@GLIBC_2.4
                0x0000d2c4                __xmknod@@GLIBC_2.4
                0x0000d2d0                free@@GLIBC_2.4
                0x0000d2dc                sendmsg@@GLIBC_2.4
                0x0000d2e8                setpgid@@GLIBC_2.4
                0x0000d2f4                read@@GLIBC_2.4
                0x0000d300                write@@GLIBC_2.4
                0x0000d30c                getopt_long@@GLIBC_2.4
                0x0000d318                access@@GLIBC_2.4
                0x0000d324                scanf@@GLIBC_2.4
                0x0000d330                openlog@@GLIBC_2.4
                0x0000d33c                fputs_unlocked@@GLIBC_2.4
                0x0000d348                bindresvport@@GLIBC_2.4
                0x0000d354                inet_pton@@GLIBC_2.4
                0x0000d360                regerror@@GLIBC_2.4
                0x0000d36c                gettimeofday@@GLIBC_2.4
                0x0000d378                gnu_dev_makedev@@GLIBC_2.4
                0x0000d384                setpriority@@GLIBC_2.4
                0x0000d390                accept@@GLIBC_2.4
                0x0000d39c                getrlimit64@@GLIBC_2.4
                0x0000d3a8                sched_getscheduler@@GLIBC_2.4
                0x0000d3b4                globfree64@@GLIBC_2.4
                0x0000d3c0                bsearch@@GLIBC_2.4
                0x0000d3cc                __res_init@@GLIBC_2.4
                0x0000d3d8                tcgetattr@@GLIBC_2.4
                0x0000d3e4                symlink@@GLIBC_2.4
                0x0000d3f0                tcflush@@GLIBC_2.4
                0x0000d3fc                strchrnul@@GLIBC_2.4
                0x0000d408                socket@@GLIBC_2.4
                0x0000d414                tcsetpgrp@@GLIBC_2.4
                0x0000d420                pread64@@GLIBC_2.4
                0x0000d42c                execl@@GLIBC_2.4
                0x0000d438                vfork@@GLIBC_2.4
                0x0000d444                umask@@GLIBC_2.4
                0x0000d450                getaddrinfo@@GLIBC_2.4
                0x0000d45c                fflush@@GLIBC_2.4
                0x0000d468                regcomp@@GLIBC_2.4
                0x0000d474                inet_aton@@GLIBC_2.4
                0x0000d480                readahead@@GLIBC_2.4
                0x0000d48c                _setjmp@@GLIBC_2.4
                0x0000d498                ioctl@@GLIBC_2.4
                0x0000d4a4                setuid@@GLIBC_2.4
                0x0000d4b0                isatty@@GLIBC_2.4
                0x0000d4bc                strsignal@@GLIBC_2.4
                0x0000d4c8                getpriority@@GLIBC_2.4
                0x0000d4d4                glob64@@GLIBC_2.4
                0x0000d4e0                ether_ntoa@@GLIBC_2.4
                0x0000d4ec                mempcpy@@GLIBC_2.4
                0x0000d4f8                cos@@GLIBC_2.4
                0x0000d504                strlen@@GLIBC_2.4
                0x0000d510                sscanf@@GLIBC_2.4
                0x0000d51c                adjtimex@@GLIBC_2.4
                0x0000d528                getc_unlocked@@GLIBC_2.4
                0x0000d534                unlink@@GLIBC_2.4
                0x0000d540                getopt@@GLIBC_2.4
                0x0000d54c                mallopt@@GLIBC_2.4
                0x0000d558                strtoul@@GLIBC_2.4
                0x0000d564                execv@@GLIBC_2.4
                0x0000d570                fdatasync@@GLIBC_2.4
                0x0000d57c                memcpy@@GLIBC_2.4
                0x0000d588                __h_errno_location@@GLIBC_2.4
                0x0000d594                fopen64@@GLIBC_2.4
                0x0000d5a0                clearerr@@GLIBC_2.4
                0x0000d5ac                gethostid@@GLIBC_2.4
                0x0000d5b8                setresgid@@GLIBC_2.4
                0x0000d5c4                acct@@GLIBC_2.4
                0x0000d5d0                __res_state@@GLIBC_2.4
                0x0000d5dc                stime@@GLIBC_2.4
                0x0000d5e8                feof@@GLIBC_2.4
                0x0000d5f4                getppid@@GLIBC_2.4
                0x0000d600                alarm@@GLIBC_2.4
                0x0000d60c                strtol@@GLIBC_2.4
                0x0000d618                sigaddset@@GLIBC_2.4
                0x0000d624                strcpy@@GLIBC_2.4
                0x0000d630                chroot@@GLIBC_2.4
                0x0000d63c                fseeko64@@GLIBC_2.4
                0x0000d648                waitpid@@GLIBC_2.4
                0x0000d654                settimeofday@@GLIBC_2.4
                0x0000d660                printf@@GLIBC_2.4
                0x0000d66c                ctime@@GLIBC_2.4
                0x0000d678                mkfifo@@GLIBC_2.4
                0x0000d684                open64@@GLIBC_2.4
                0x0000d690                sigisemptyset@@GLIBC_2.4
                0x0000d69c                raise@@GLIBC_2.4
                0x0000d6a8                getegid@@GLIBC_2.4
                0x0000d6b4                sethostname@@GLIBC_2.4
                0x0000d6c0                atoi@@GLIBC_2.4
                0x0000d6cc                longjmp@@GLIBC_2.4
                0x0000d6d8                gethostbyaddr@@GLIBC_2.4
                0x0000d6e4                killpg@@GLIBC_2.4
                0x0000d6f0                asprintf@@GLIBC_2.4
                0x0000d6fc                putenv@@GLIBC_2.4
                0x0000d708                getmntent_r@@GLIBC_2.4
                0x0000d714                ptsname_r@@GLIBC_2.4
                0x0000d720                shutdown@@GLIBC_2.4
                0x0000d72c                bind@@GLIBC_2.4
                0x0000d738                fdopen@@GLIBC_2.4
                0x0000d744                atof@@GLIBC_2.4
                0x0000d750                umount2@@GLIBC_2.4
                0x0000d75c                srandom@@GLIBC_2.4
                0x0000d768                strstr@@GLIBC_2.4
                0x0000d774                nice@@GLIBC_2.4
                0x0000d780                select@@GLIBC_2.4
                0x0000d78c                realpath@@GLIBC_2.4
                0x0000d798                wait3@@GLIBC_2.4
                0x0000d7a4                close@@GLIBC_2.4
                0x0000d7b0                getlogin_r@@GLIBC_2.4
                0x0000d7bc                fwrite@@GLIBC_2.4
                0x0000d7c8                closedir@@GLIBC_2.4
                0x0000d7d4                strncasecmp@@GLIBC_2.4
                0x0000d7e0                getrpcbyname@@GLIBC_2.4
                0x0000d7ec                div@@GLIBC_2.4
                0x0000d7f8                semctl@@GLIBC_2.4
                0x0000d804                mount@@GLIBC_2.4
                0x0000d810                strverscmp@@GLIBC_2.4
                0x0000d81c                time@@GLIBC_2.4
                0x0000d828                unlockpt@@GLIBC_2.4
                0x0000d834                setvbuf@@GLIBC_2.4
                0x0000d840                __xstat64@@GLIBC_2.4
                0x0000d84c                fprintf@@GLIBC_2.4
                0x0000d858                getutent@@GLIBC_2.4
                0x0000d864                execve@@GLIBC_2.4
                0x0000d870                strdup@@GLIBC_2.4
                0x0000d87c                lseek64@@GLIBC_2.4
                0x0000d888                malloc@@GLIBC_2.4
                0x0000d894                freopen64@@GLIBC_2.4
                0x0000d8a0                mmap64@@GLIBC_2.4
                0x0000d8ac                endmntent@@GLIBC_2.4
                0x0000d8b8                sigprocmask@@GLIBC_2.4
                0x0000d8c4                munlock@@GLIBC_2.4
                0x0000d8d0                cfsetospeed@@GLIBC_2.4
                0x0000d8dc                sched_get_priority_min@@GLIBC_2.4
                0x0000d8e8                grantpt@@GLIBC_2.4
                0x0000d8f4                __cmsg_nxthdr@@GLIBC_2.4
                0x0000d900                sigaction@@GLIBC_2.4
                0x0000d90c                sigdelset@@GLIBC_2.4
                0x0000d918                gmtime_r@@GLIBC_2.4
                0x0000d924                chdir@@GLIBC_2.4
                0x0000d930                poll@@GLIBC_2.4
                0x0000d93c                getmntent@@GLIBC_2.4
                0x0000d948                strnlen@@GLIBC_2.4
                0x0000d954                atan2@@GLIBC_2.4
                0x0000d960                fputc@@GLIBC_2.4
                0x0000d96c                setpgrp@@GLIBC_2.4
                0x0000d978                sched_getparam@@GLIBC_2.4
                0x0000d984                strtok@@GLIBC_2.4
                0x0000d990                getcwd@@GLIBC_2.4
                0x0000d99c                rmdir@@GLIBC_2.4
                0x0000d9a8                strtok_r@@GLIBC_2.4
                0x0000d9b4                regexec@@GLIBC_2.4
                0x0000d9c0                creat64@@GLIBC_2.4
                0x0000d9cc                sleep@@GLIBC_2.4
                0x0000d9d8                send@@GLIBC_2.4
                0x0000d9e4                strcat@@GLIBC_2.4
                0x0000d9f0                memmove@@GLIBC_2.4
                0x0000d9fc                fnmatch@@GLIBC_2.4
                0x0000da08                setmntent@@GLIBC_2.4
                0x0000da14                sigfillset@@GLIBC_2.4
                0x0000da20                pause@@GLIBC_2.4
                0x0000da2c                popen@@GLIBC_2.4
                0x0000da38                ether_hostton@@GLIBC_2.4
                0x0000da44                endutent@@GLIBC_2.4
                0x0000da50                utmpname@@GLIBC_2.4
                0x0000da5c                dup2@@GLIBC_2.4
                0x0000da68                puts@@GLIBC_2.4
                0x0000da74                log@@GLIBC_2.4
                0x0000da80                strftime@@GLIBC_2.4
                0x0000da8c                tcsetattr@@GLIBC_2.4
                0x0000da98                ether_aton_r@@GLIBC_2.4
                0x0000dab0                getpid@@GLIBC_2.4
                0x0000dabc                closelog@@GLIBC_2.4
                0x0000dac8                fcntl@@GLIBC_2.4
                0x0000dad4                dup@@GLIBC_2.4
                0x0000dae0                flock@@GLIBC_2.4
                0x0000daec                readlink@@GLIBC_2.4
                0x0000daf8                cfgetospeed@@GLIBC_2.4
                0x0000db04                memrchr@@GLIBC_2.4
                0x0000db10                fork@@GLIBC_2.4
                0x0000db1c                shmctl@@GLIBC_2.4
                0x0000db28                sin@@GLIBC_2.4
                0x0000db34                recvmsg@@GLIBC_2.4
                0x0000db40                rand@@GLIBC_2.4
                0x0000db4c                munmap@@GLIBC_2.4
                0x0000db58                strspn@@GLIBC_2.4
                0x0000db64                __lxstat64@@GLIBC_2.4
                0x0000db70                delete_module@@GLIBC_2.4
                0x0000db7c                readdir64@@GLIBC_2.4
                0x0000db88                lchown@@GLIBC_2.4
                0x0000db94                mlock@@GLIBC_2.4
                0x0000dba0                seteuid@@GLIBC_2.4
                0x0000dbac                malloc_trim@@GLIBC_2.4
                0x0000dbb8                personality@@GLIBC_2.4
                0x0000dbc4                setutent@@GLIBC_2.4
                0x0000dbd0                vfprintf@@GLIBC_2.4
                0x0000dbdc                snprintf@@GLIBC_2.4
                0x0000dbe8                pivot_root@@GLIBC_2.4
                0x0000dbf4                strcspn@@GLIBC_2.4
                0x0000dc00                fread@@GLIBC_2.4
                0x0000dc0c                getusershell@@GLIBC_2.4
                0x0000dc18                tcsendbreak@@GLIBC_2.4
                0x0000dc24                times@@GLIBC_2.4
                0x0000dc30                fchdir@@GLIBC_2.4
                0x0000dc3c                strncmp@@GLIBC_2.4
                0x0000dc48                getservbyport@@GLIBC_2.4
                0x0000dc54                gnu_dev_major@@GLIBC_2.4
                0x0000dc60                putc_unlocked@@GLIBC_2.4
                0x0000dc6c                gmtime@@GLIBC_2.4
                0x0000dc78                kill@@GLIBC_2.4
                0x0000dc84                link@@GLIBC_2.4
                0x0000dc90                setgid@@GLIBC_2.4
                0x0000dc9c                nanosleep@@GLIBC_2.4
                0x0000dca8                ferror@@GLIBC_2.4
                0x0000dcb4                getpeername@@GLIBC_2.4
                0x0000dcc0                utimes@@GLIBC_2.4
                0x0000dccc                gethostbyname@@GLIBC_2.4
                0x0000dcd8                realloc@@GLIBC_2.4
                0x0000dce4                ftruncate64@@GLIBC_2.4
                0x0000dcf0                chown@@GLIBC_2.4
                0x0000dcfc                setrlimit64@@GLIBC_2.4
                0x0000dd08                getgroups@@GLIBC_2.4
                0x0000dd14                recvfrom@@GLIBC_2.4
                0x0000dd20                sysinfo@@GLIBC_2.4
                0x0000dd2c                getservbyname@@GLIBC_2.4
                0x0000dd38                getsockopt@@GLIBC_2.4
                0x0000dd44                pipe@@GLIBC_2.4
                0x0000dd50                syscall@@GLIBC_2.4
                0x0000dd5c                setsockopt@@GLIBC_2.4
                0x0000dd68                setresuid@@GLIBC_2.4
                0x0000dd74                getsid@@GLIBC_2.4
                0x0000dd80                if_indextoname@@GLIBC_2.4
                0x0000dd8c                strpbrk@@GLIBC_2.4
                0x0000dd98                sigsuspend@@GLIBC_2.4
                0x0000dda4                memchr@@GLIBC_2.4
                0x0000ddb0                fchmod@@GLIBC_2.4
                0x0000ddbc                tcgetsid@@GLIBC_2.4
                0x0000ddc8                setenv@@GLIBC_2.4
                0x0000ddd4                strcmp@@GLIBC_2.4
                0x0000dde0                exit@@GLIBC_2.4
                0x0000ddec                cfsetispeed@@GLIBC_2.4
                0x0000ddf8                __errno_location@@GLIBC_2.4
                0x0000de04                gnu_dev_minor@@GLIBC_2.4
                0x0000de10                putchar_unlocked@@GLIBC_2.4
                0x0000de1c                lutimes@@GLIBC_2.4
                0x0000de28                ttyname_r@@GLIBC_2.4
                0x0000de34                sprintf@@GLIBC_2.4
                0x0000de40                fscanf@@GLIBC_2.4
                0x0000de4c                mkdtemp@@GLIBC_2.4
                0x0000de58                getgid@@GLIBC_2.4
                0x0000de64                getpagesize@@GLIBC_2.4
                0x0000de70                fputs@@GLIBC_2.4
                0x0000de7c                semget@@GLIBC_2.4
                0x0000de88                shmget@@GLIBC_2.4

.iplt
 *(SORT(.iplt))

.text           0x0000de94    0xb8b08
 *(SORT(.text.unlikely) SORT(.text.*_unlikely))
 *(SORT(.text) SORT(.stub) SORT(.text.*) SORT(.gnu.linkonce.t.*))
 .text          0x0000de94       0x38 /opt/FriendlyARM/toolschain/4.4.3/arm-none-linux-gnueabi//sys-root/usr/lib/crt1.o
                0x0000de94                _start
 .text          0x0000decc       0x2c /opt/FriendlyARM/toolschain/4.4.3/arm-none-linux-gnueabi//sys-root/usr/lib/crti.o
 .text          0x0000def8       0x50 /opt/FriendlyARM/toolschain/4.4.3/lib/gcc/arm-none-linux-gnueabi/4.4.3/crtbegin.o
 .text.get_trimmed_slice
                0x0000df48       0x40 libbb/lib.a(appletlib.o)
 .text.applet_name_compare
                0x0000df88       0x34 libbb/lib.a(appletlib.o)
 .text.lbb_prepare
                0x0000dfbc       0x2c libbb/lib.a(appletlib.o)
                0x0000dfbc                lbb_prepare
 .text.find_applet_by_name
                0x0000dfe8       0x30 libbb/lib.a(appletlib.o)
                0x0000dfe8                find_applet_by_name
 .text.parse_config_file
                0x0000e018      0x304 libbb/lib.a(appletlib.o)
 .text.bb_show_usage
                0x0000e31c       0xf0 libbb/lib.a(appletlib.o)
                0x0000e31c                bb_show_usage
 .text.run_applet_no_and_exit
                0x0000e40c      0x254 libbb/lib.a(appletlib.o)
                0x0000e40c                run_applet_no_and_exit
 .text.run_applet_and_exit
                0x0000e660      0x398 libbb/lib.a(appletlib.o)
                0x0000e660                run_applet_and_exit
 .text.main     0x0000e9f8       0x84 libbb/lib.a(appletlib.o)
                0x0000e9f8                main
 .text.concat_path_file
                0x0000ea7c       0x68 libbb/lib.a(concat_path_file.o)
                0x0000ea7c                concat_path_file
 .text.bb_get_last_path_component_nostrip
                0x0000eae4       0x3c libbb/lib.a(get_last_path_component.o)
                0x0000eae4                bb_get_last_path_component_nostrip
 .text.bb_get_last_path_component_strip
                0x0000eb20       0x50 libbb/lib.a(get_last_path_component.o)
                0x0000eb20                bb_get_last_path_component_strip
 .text.bb_basename
                0x0000eb70       0x24 libbb/lib.a(get_last_path_component.o)
                0x0000eb70                bb_basename
 .text.last_char_is
                0x0000eb94       0x40 libbb/lib.a(last_char_is.o)
                0x0000eb94                last_char_is
 .text.llist_unlink
                0x0000ebd4       0x34 libbb/lib.a(llist.o)
                0x0000ebd4                llist_unlink
 .text.llist_find_str
                0x0000ec08       0x3c libbb/lib.a(llist.o)
                0x0000ec08                llist_find_str
 .text.llist_pop
                0x0000ec44       0x34 libbb/lib.a(llist.o)
                0x0000ec44                llist_pop
 .text.llist_free
                0x0000ec78       0x3c libbb/lib.a(llist.o)
                0x0000ec78                llist_free
 .text.llist_add_to_end
                0x0000ecb4       0x38 libbb/lib.a(llist.o)
                0x0000ecb4                llist_add_to_end
 .text.llist_add_to
                0x0000ecec       0x2c libbb/lib.a(llist.o)
                0x0000ecec                llist_add_to
 .text.bb_perror_msg
                0x0000ed18       0x44 libbb/lib.a(perror_msg.o)
                0x0000ed18                bb_perror_msg
 .text.bb_simple_perror_msg
                0x0000ed5c       0x10 libbb/lib.a(perror_msg.o)
                0x0000ed5c                bb_simple_perror_msg
 .text.bb_perror_msg_and_die
                0x0000ed6c       0x3c libbb/lib.a(perror_msg.o)
                0x0000ed6c                bb_perror_msg_and_die
 .text.bb_simple_perror_msg_and_die
                0x0000eda8       0x10 libbb/lib.a(perror_msg.o)
                0x0000eda8                bb_simple_perror_msg_and_die
 .text.skip_whitespace
                0x0000edb8       0x20 libbb/lib.a(skip_whitespace.o)
                0x0000edb8                skip_whitespace
 .text.skip_non_whitespace
                0x0000edd8       0x28 libbb/lib.a(skip_whitespace.o)
                0x0000edd8                skip_non_whitespace
 .text.skip_dev_pfx
                0x0000ee00       0x2c libbb/lib.a(skip_whitespace.o)
                0x0000ee00                skip_dev_pfx
 .text.bb_verror_msg
                0x0000ee2c      0x1c8 libbb/lib.a(verror_msg.o)
                0x0000ee2c                bb_verror_msg
 .text.bb_error_msg
                0x0000eff4       0x2c libbb/lib.a(verror_msg.o)
                0x0000eff4                bb_error_msg
 .text.bb_error_msg_and_die
                0x0000f020       0x24 libbb/lib.a(verror_msg.o)
                0x0000f020                bb_error_msg_and_die
 .text.xfdopen_helper
                0x0000f044       0x3c libbb/lib.a(wfopen.o)
 .text.xfdopen_for_write
                0x0000f080        0xc libbb/lib.a(wfopen.o)
                0x0000f080                xfdopen_for_write
 .text.xfdopen_for_read
                0x0000f08c        0x8 libbb/lib.a(wfopen.o)
                0x0000f08c                xfdopen_for_read
 .text.xfopen_for_write
                0x0000f094       0x18 libbb/lib.a(wfopen.o)
                0x0000f094                xfopen_for_write
 .text.xfopen_for_read
                0x0000f0ac       0x18 libbb/lib.a(wfopen.o)
                0x0000f0ac                xfopen_for_read
 .text.fopen_for_write
                0x0000f0c4       0x18 libbb/lib.a(wfopen.o)
                0x0000f0c4                fopen_for_write
 .text.fopen_for_read
                0x0000f0dc       0x18 libbb/lib.a(wfopen.o)
                0x0000f0dc                fopen_for_read
 .text.fopen_or_warn
                0x0000f0f4       0x24 libbb/lib.a(wfopen.o)
                0x0000f0f4                fopen_or_warn
 .text.xfunc_die
                0x0000f118       0x50 libbb/lib.a(xfunc_die.o)
                0x0000f118                xfunc_die
 .text.utoa_to_buf
                0x0000f168       0x9c libbb/lib.a(xfuncs.o)
                0x0000f168                utoa_to_buf
 .text.itoa_to_buf
                0x0000f204       0x28 libbb/lib.a(xfuncs.o)
                0x0000f204                itoa_to_buf
 .text.utoa     0x0000f22c       0x2c libbb/lib.a(xfuncs.o)
                0x0000f22c                utoa
 .text.itoa     0x0000f258       0x2c libbb/lib.a(xfuncs.o)
                0x0000f258                itoa
 .text.bin2hex  0x0000f284       0x5c libbb/lib.a(xfuncs.o)
                0x0000f284                bin2hex
 .text.hex2bin  0x0000f2e0       0xf0 libbb/lib.a(xfuncs.o)
                0x0000f2e0                hex2bin
 .text.safe_waitpid
                0x0000f3d0       0x48 libbb/lib.a(xfuncs.o)
                0x0000f3d0                safe_waitpid
 .text.wait4pid
                0x0000f418       0x5c libbb/lib.a(xfuncs.o)
                0x0000f418                wait4pid
 .text.wait_any_nohang
                0x0000f474       0x10 libbb/lib.a(xfuncs.o)
                0x0000f474                wait_any_nohang
 .text.tcsetattr_stdin_TCSANOW
                0x0000f484       0x1c libbb/lib.a(xfuncs.o)
                0x0000f484                tcsetattr_stdin_TCSANOW
 .text.wh_helper
                0x0000f4a0       0x54 libbb/lib.a(xfuncs.o)
 .text.get_terminal_width_height
                0x0000f4f4       0xa0 libbb/lib.a(xfuncs.o)
                0x0000f4f4                get_terminal_width_height
 .text.full_write2_str
                0x0000f594       0x24 libbb/lib.a(xfuncs.o)
                0x0000f594                full_write2_str
 .text.full_write1_str
                0x0000f5b8       0x24 libbb/lib.a(xfuncs.o)
                0x0000f5b8                full_write1_str
 .text.bb_putchar_stderr
                0x0000f5dc       0x20 libbb/lib.a(xfuncs.o)
                0x0000f5dc                bb_putchar_stderr
 .text.strncpy_IFNAMSIZ
                0x0000f5fc       0x14 libbb/lib.a(xfuncs.o)
                0x0000f5fc                strncpy_IFNAMSIZ
 .text.close_on_exec_on
                0x0000f610       0x18 libbb/lib.a(xfuncs.o)
                0x0000f610                close_on_exec_on
 .text.ndelay_off
                0x0000f628       0x30 libbb/lib.a(xfuncs.o)
                0x0000f628                ndelay_off
 .text.ndelay_on
                0x0000f658       0x30 libbb/lib.a(xfuncs.o)
                0x0000f658                ndelay_on
 .text.xfork    0x0000f688       0x20 libbb/lib.a(xfuncs_printf.o)
                0x0000f688                xfork
 .text.xopen3   0x0000f6a8       0x28 libbb/lib.a(xfuncs_printf.o)
                0x0000f6a8                xopen3
 .text.xopen    0x0000f6d0        0xc libbb/lib.a(xfuncs_printf.o)
                0x0000f6d0                xopen
 .text.xopen_nonblocking
                0x0000f6dc        0x8 libbb/lib.a(xfuncs_printf.o)
                0x0000f6dc                xopen_nonblocking
 .text.xclose   0x0000f6e4       0x20 libbb/lib.a(xfuncs_printf.o)
                0x0000f6e4                xclose
 .text.generate_uuid
                0x0000f704       0xa8 libbb/lib.a(xfuncs_printf.o)
                0x0000f704                generate_uuid
 .text.bb_xioctl
                0x0000f7ac       0x20 libbb/lib.a(xfuncs_printf.o)
                0x0000f7ac                bb_xioctl
 .text.bb_ioctl_or_warn
                0x0000f7cc       0x24 libbb/lib.a(xfuncs_printf.o)
                0x0000f7cc                bb_ioctl_or_warn
 .text.ioctl_or_perror
                0x0000f7f0       0x50 libbb/lib.a(xfuncs_printf.o)
                0x0000f7f0                ioctl_or_perror
 .text.ioctl_or_perror_and_die
                0x0000f840       0x50 libbb/lib.a(xfuncs_printf.o)
                0x0000f840                ioctl_or_perror_and_die
 .text.xfstat   0x0000f890       0x20 libbb/lib.a(xfuncs_printf.o)
                0x0000f890                xfstat
 .text.xstat    0x0000f8b0       0x28 libbb/lib.a(xfuncs_printf.o)
                0x0000f8b0                xstat
 .text.xsendto  0x0000f8d8       0x30 libbb/lib.a(xfuncs_printf.o)
                0x0000f8d8                xsendto
 .text.xlisten  0x0000f908       0x20 libbb/lib.a(xfuncs_printf.o)
                0x0000f908                xlisten
 .text.xbind    0x0000f928       0x20 libbb/lib.a(xfuncs_printf.o)
                0x0000f928                xbind
 .text.xsocket  0x0000f948       0x20 libbb/lib.a(xfuncs_printf.o)
                0x0000f948                xsocket
 .text.xopendir
                0x0000f968       0x28 libbb/lib.a(xfuncs_printf.o)
                0x0000f968                xopendir
 .text.warn_opendir
                0x0000f990       0x2c libbb/lib.a(xfuncs_printf.o)
                0x0000f990                warn_opendir
 .text.open3_or_warn
                0x0000f9bc       0x2c libbb/lib.a(xfuncs_printf.o)
                0x0000f9bc                open3_or_warn
 .text.open_or_warn
                0x0000f9e8        0xc libbb/lib.a(xfuncs_printf.o)
                0x0000f9e8                open_or_warn
 .text.xchdir   0x0000f9f4       0x28 libbb/lib.a(xfuncs_printf.o)
                0x0000f9f4                xchdir
 .text.xchroot  0x0000fa1c       0x30 libbb/lib.a(xfuncs_printf.o)
                0x0000fa1c                xchroot
 .text.xseteuid
                0x0000fa4c       0x20 libbb/lib.a(xfuncs_printf.o)
                0x0000fa4c                xseteuid
 .text.xsetegid
                0x0000fa6c       0x20 libbb/lib.a(xfuncs_printf.o)
                0x0000fa6c                xsetegid
 .text.xsetuid  0x0000fa8c       0x20 libbb/lib.a(xfuncs_printf.o)
                0x0000fa8c                xsetuid
 .text.xsetgid  0x0000faac       0x20 libbb/lib.a(xfuncs_printf.o)
                0x0000faac                xsetgid
 .text.xsetenv  0x0000facc       0x24 libbb/lib.a(xfuncs_printf.o)
                0x0000facc                xsetenv
 .text.xasprintf
                0x0000faf0       0x40 libbb/lib.a(xfuncs_printf.o)
                0x0000faf0                xasprintf
 .text.bb_putchar
                0x0000fb30       0x10 libbb/lib.a(xfuncs_printf.o)
                0x0000fb30                bb_putchar
 .text.fflush_all
                0x0000fb40       0x14 libbb/lib.a(xfuncs_printf.o)
                0x0000fb40                fflush_all
 .text.xprint_and_close_file
                0x0000fb54       0x3c libbb/lib.a(xfuncs_printf.o)
                0x0000fb54                xprint_and_close_file
 .text.die_if_ferror
                0x0000fb90       0x28 libbb/lib.a(xfuncs_printf.o)
                0x0000fb90                die_if_ferror
 .text.die_if_ferror_stdout
                0x0000fbb8       0x18 libbb/lib.a(xfuncs_printf.o)
                0x0000fbb8                die_if_ferror_stdout
 .text.xmkstemp
                0x0000fbd0       0x28 libbb/lib.a(xfuncs_printf.o)
                0x0000fbd0                xmkstemp
 .text.xlseek   0x0000fbf8       0x54 libbb/lib.a(xfuncs_printf.o)
                0x0000fbf8                xlseek
 .text.xwrite   0x0000fc4c       0x28 libbb/lib.a(xfuncs_printf.o)
                0x0000fc4c                xwrite
 .text.xwrite_str
                0x0000fc74       0x28 libbb/lib.a(xfuncs_printf.o)
                0x0000fc74                xwrite_str
 .text.xdup2    0x0000fc9c       0x24 libbb/lib.a(xfuncs_printf.o)
                0x0000fc9c                xdup2
 .text.xmove_fd
                0x0000fcc0       0x24 libbb/lib.a(xfuncs_printf.o)
                0x0000fcc0                xmove_fd
 .text.xpipe    0x0000fce4       0x20 libbb/lib.a(xfuncs_printf.o)
                0x0000fce4                xpipe
 .text.rename_or_warn
                0x0000fd04       0x34 libbb/lib.a(xfuncs_printf.o)
                0x0000fd04                rename_or_warn
 .text.xrename  0x0000fd38       0x30 libbb/lib.a(xfuncs_printf.o)
                0x0000fd38                xrename
 .text.xunlink  0x0000fd68       0x28 libbb/lib.a(xfuncs_printf.o)
                0x0000fd68                xunlink
 .text.xopen_as_uid_gid
                0x0000fd90       0x60 libbb/lib.a(xfuncs_printf.o)
                0x0000fd90                xopen_as_uid_gid
 .text.xfopen   0x0000fdf0       0x28 libbb/lib.a(xfuncs_printf.o)
                0x0000fdf0                xfopen
 .text.xstrdup  0x0000fe18       0x30 libbb/lib.a(xfuncs_printf.o)
                0x0000fe18                xstrdup
 .text.xmalloc_ttyname
                0x0000fe48       0x34 libbb/lib.a(xfuncs_printf.o)
                0x0000fe48                xmalloc_ttyname
 .text.xrealloc
                0x0000fe7c       0x34 libbb/lib.a(xfuncs_printf.o)
                0x0000fe7c                xrealloc
 .text.xmalloc  0x0000feb0       0x34 libbb/lib.a(xfuncs_printf.o)
                0x0000feb0                xmalloc
 .text.xstrndup
                0x0000fee4       0x58 libbb/lib.a(xfuncs_printf.o)
                0x0000fee4                xstrndup
 .text.bb_unsetenv
                0x0000ff3c       0x48 libbb/lib.a(xfuncs_printf.o)
                0x0000ff3c                bb_unsetenv
 .text.bb_unsetenv_and_free
                0x0000ff84       0x1c libbb/lib.a(xfuncs_printf.o)
                0x0000ff84                bb_unsetenv_and_free
 .text.xzalloc  0x0000ffa0       0x28 libbb/lib.a(xfuncs_printf.o)
                0x0000ffa0                xzalloc
 .text.malloc_or_warn
                0x0000ffc8       0x3c libbb/lib.a(xfuncs_printf.o)
                0x0000ffc8                malloc_or_warn
 .text.xmalloc_realpath
                0x00010004       0x14 libbb/lib.a(xreadlink.o)
                0x00010004                xmalloc_realpath
 .text.xmalloc_readlink
                0x00010018       0x68 libbb/lib.a(xreadlink.o)
                0x00010018                xmalloc_readlink
 .text.xmalloc_readlink_or_warn
                0x00010080       0x58 libbb/lib.a(xreadlink.o)
                0x00010080                xmalloc_readlink_or_warn
 .text.xmalloc_follow_symlinks
                0x000100d8       0xc4 libbb/lib.a(xreadlink.o)
                0x000100d8                xmalloc_follow_symlinks
 .text.bb_full_fd_action
                0x0001019c      0x12c libbb/lib.a(copyfd.o)
 .text.bb_copyfd_eof
                0x000102c8        0xc libbb/lib.a(copyfd.o)
                0x000102c8                bb_copyfd_eof
 .text.bb_copyfd_size
                0x000102d4       0x18 libbb/lib.a(copyfd.o)
                0x000102d4                bb_copyfd_size
 .text.bb_copyfd_exact_size
                0x000102ec       0x60 libbb/lib.a(copyfd.o)
                0x000102ec                bb_copyfd_exact_size
 .text.full_write
                0x0001034c       0x5c libbb/lib.a(full_write.o)
                0x0001034c                full_write
 .text.safe_read
                0x000103a8       0x48 libbb/lib.a(read.o)
                0x000103a8                safe_read
 .text.full_read
                0x000103f0       0x60 libbb/lib.a(read.o)
                0x000103f0                full_read
 .text.read_close
                0x00010450       0x24 libbb/lib.a(read.o)
                0x00010450                read_close
 .text.open_read_close
                0x00010474       0x34 libbb/lib.a(read.o)
                0x00010474                open_read_close
 .text.safe_write
                0x000104a8       0x48 libbb/lib.a(safe_write.o)
                0x000104a8                safe_write
 .text.monotonic_sec
                0x000104f0       0x14 libbb/lib.a(time.o)
                0x000104f0                monotonic_sec
 .text.monotonic_ms
                0x00010504       0x40 libbb/lib.a(time.o)
                0x00010504                monotonic_ms
 .text.monotonic_us
                0x00010544       0x34 libbb/lib.a(time.o)
                0x00010544                monotonic_us
 .text.strftime_fmt
                0x00010578       0x50 libbb/lib.a(time.o)
 .text.strftime_YYYYMMDDHHMMSS
                0x000105c8        0xc libbb/lib.a(time.o)
                0x000105c8                strftime_YYYYMMDDHHMMSS
 .text.strftime_HHMMSS
                0x000105d4        0xc libbb/lib.a(time.o)
                0x000105d4                strftime_HHMMSS
 .text.validate_tm_time
                0x000105e0       0x2c libbb/lib.a(time.o)
                0x000105e0                validate_tm_time
 .text.parse_datestr
                0x0001060c      0x474 libbb/lib.a(time.o)
                0x0001060c                parse_datestr
 .text.ret_ERANGE
                0x00010a80       0x20 libbb/lib.a(bb_strtonum.o)
 .text.handle_errors
                0x00010aa0       0x54 libbb/lib.a(bb_strtonum.o)
 .text.bb_strtol
                0x00010af4       0x74 libbb/lib.a(bb_strtonum.o)
                0x00010af4                bb_strtol
 .text.bb_strtoul
                0x00010b68       0x68 libbb/lib.a(bb_strtonum.o)
                0x00010b68                bb_strtoul
 .text.bb_strtoll
                0x00010bd0       0x70 libbb/lib.a(bb_strtonum.o)
                0x00010bd0                bb_strtoll
 .text.bb_strtoull
                0x00010c40       0x64 libbb/lib.a(bb_strtonum.o)
                0x00010c40                bb_strtoull
 .text.bb_internal_endgrent
                0x00010ca4       0x2c libpwdgrp/lib.a(pwd_grp.o)
                0x00010ca4                bb_internal_endgrent
 .text.bb__pgsreader
                0x00010cd0      0x108 libpwdgrp/lib.a(pwd_grp.o)
 .text.getgrouplist_internal
                0x00010dd8       0xe8 libpwdgrp/lib.a(pwd_grp.o)
 .text.bb_internal_getgrouplist
                0x00010ec0       0x58 libpwdgrp/lib.a(pwd_grp.o)
                0x00010ec0                bb_internal_getgrouplist
 .text.bb_internal_getgrgid_r
                0x00010f18       0x98 libpwdgrp/lib.a(pwd_grp.o)
                0x00010f18                bb_internal_getgrgid_r
 .text.bb_internal_getpwuid_r
                0x00010fb0       0x98 libpwdgrp/lib.a(pwd_grp.o)
                0x00010fb0                bb_internal_getpwuid_r
 .text.bb_internal_getspnam_r
                0x00011048       0xa0 libpwdgrp/lib.a(pwd_grp.o)
                0x00011048                bb_internal_getspnam_r
 .text.bb_internal_getgrnam_r
                0x000110e8       0xa0 libpwdgrp/lib.a(pwd_grp.o)
                0x000110e8                bb_internal_getgrnam_r
 .text.bb_internal_getpwnam_r
                0x00011188       0xa0 libpwdgrp/lib.a(pwd_grp.o)
                0x00011188                bb_internal_getpwnam_r
 .text.bb__parsegrent
                0x00011228      0x158 libpwdgrp/lib.a(pwd_grp.o)
 .text.bb__parsepwent
                0x00011380       0xa4 libpwdgrp/lib.a(pwd_grp.o)
 .text.bb__parsespent
                0x00011424       0xa4 libpwdgrp/lib.a(pwd_grp.o)
 .text.bb_internal_initgroups
                0x000114c8       0x3c libpwdgrp/lib.a(pwd_grp.o)
                0x000114c8                bb_internal_initgroups
 .text.bb_internal_getpwent_r
                0x00011504       0x94 libpwdgrp/lib.a(pwd_grp.o)
                0x00011504                bb_internal_getpwent_r
 .text.get_S    0x00011598       0x34 libpwdgrp/lib.a(pwd_grp.o)
 .text.bb_internal_getgrnam
                0x000115cc       0x3c libpwdgrp/lib.a(pwd_grp.o)
                0x000115cc                bb_internal_getgrnam
 .text.bb_internal_getpwnam
                0x00011608       0x38 libpwdgrp/lib.a(pwd_grp.o)
                0x00011608                bb_internal_getpwnam
 .text.bb_internal_getgrgid
                0x00011640       0x3c libpwdgrp/lib.a(pwd_grp.o)
                0x00011640                bb_internal_getgrgid
 .text.bb_internal_getpwuid
                0x0001167c       0x38 libpwdgrp/lib.a(pwd_grp.o)
                0x0001167c                bb_internal_getpwuid
 .text.get_uidgid
                0x000116b4      0x128 libpwdgrp/lib.a(uidgid_get.o)
                0x000116b4                get_uidgid
 .text.xget_uidgid
                0x000117dc       0x2c libpwdgrp/lib.a(uidgid_get.o)
                0x000117dc                xget_uidgid
 .text.parse_chown_usergroup_or_die
                0x00011808       0xa0 libpwdgrp/lib.a(uidgid_get.o)
                0x00011808                parse_chown_usergroup_or_die
 .text.add_remove_shell_main
                0x000118a8      0x144 loginutils/lib.a(add-remove-shell.o)
                0x000118a8                add_remove_shell_main
 .text.addgroup_main
                0x000119ec      0x218 loginutils/lib.a(addgroup.o)
                0x000119ec                addgroup_main
 .text.addgroup_wrapper
                0x00011c04       0x80 loginutils/lib.a(adduser.o)
 .text.adduser_main
                0x00011c84      0x424 loginutils/lib.a(adduser.o)
                0x00011c84                adduser_main
 .text.chpasswd_main
                0x000120a8      0x1ac loginutils/lib.a(chpasswd.o)
                0x000120a8                chpasswd_main
 .text.cryptpw_main
                0x00012254      0x13c loginutils/lib.a(cryptpw.o)
                0x00012254                cryptpw_main
 .text.deluser_main
                0x00012390      0x17c loginutils/lib.a(deluser.o)
                0x00012390                deluser_main
 .text.bcode    0x0001250c       0x2c loginutils/lib.a(getty.o)
 .text.set_tty_attrs
                0x00012538       0x30 loginutils/lib.a(getty.o)
 .text.finalize_tty_attrs
                0x00012568       0x8c loginutils/lib.a(getty.o)
 .text.getty_main
                0x000125f4      0x834 loginutils/lib.a(getty.o)
                0x000125f4                getty_main
 .text.alarm_handler
                0x00012e28       0x10 loginutils/lib.a(getty.o)
 .text.alarm_handler
                0x00012e38       0x3c loginutils/lib.a(login.o)
 .text.login_main
                0x00012e74      0x554 loginutils/lib.a(login.o)
                0x00012e74                login_main
 .text.passwd_main
                0x000133c8      0x470 loginutils/lib.a(passwd.o)
                0x000133c8                passwd_main
 .text.su_main  0x00013838      0x23c loginutils/lib.a(su.o)
                0x00013838                su_main
 .text.sulogin_main
                0x00013a74      0x1a8 loginutils/lib.a(sulogin.o)
                0x00013a74                sulogin_main
 .text.acquire_vt
                0x00013c1c       0x20 loginutils/lib.a(vlock.o)
 .text.release_vt
                0x00013c3c       0x34 loginutils/lib.a(vlock.o)
 .text.vlock_main
                0x00013c70      0x1d4 loginutils/lib.a(vlock.o)
                0x00013c70                vlock_main
 .text.makemime_main
                0x00013e44      0x1c0 mailutils/lib.a(makemime.o)
                0x00013e44                makemime_main
 .text.pop3_checkr
                0x00014004       0xa8 mailutils/lib.a(popmaildir.o)
 .text.pop3_check
                0x000140ac        0x8 mailutils/lib.a(popmaildir.o)
 .text.popmaildir_main
                0x000140b4      0x3e8 mailutils/lib.a(popmaildir.o)
                0x000140b4                popmaildir_main
 .text.find_token
                0x0001449c       0x54 mailutils/lib.a(reformime.o)
 .text.parse    0x000144f0      0x48c mailutils/lib.a(reformime.o)
 .text.reformime_main
                0x0001497c       0xb8 mailutils/lib.a(reformime.o)
                0x0001497c                reformime_main
 .text.smtp_checkp
                0x00014a34       0xdc mailutils/lib.a(sendmail.o)
 .text.rcptto   0x00014b10       0x44 mailutils/lib.a(sendmail.o)
 .text.smtp_check
                0x00014b54        0xc mailutils/lib.a(sendmail.o)
 .text.sane_address
                0x00014b60       0x78 mailutils/lib.a(sendmail.o)
 .text.angle_address
                0x00014bd8       0x48 mailutils/lib.a(sendmail.o)
 .text.rcptto_list
                0x00014c20       0x9c mailutils/lib.a(sendmail.o)
 .text.send_r_n
                0x00014cbc       0x44 mailutils/lib.a(sendmail.o)
 .text.sendmail_main
                0x00014d00      0x520 mailutils/lib.a(sendmail.o)
                0x00014d00                sendmail_main
 .text.get_cred_or_die
                0x00015220       0xbc mailutils/lib.a(mail.o)
                0x00015220                get_cred_or_die
 .text.encode_base64
                0x000152dc      0x138 mailutils/lib.a(mail.o)
                0x000152dc                encode_base64
 .text.send_mail_command
                0x00015414       0x74 mailutils/lib.a(mail.o)
                0x00015414                send_mail_command
 .text.launch_helper
                0x00015488       0xfc mailutils/lib.a(mail.o)
                0x00015488                launch_helper
 .text.kill_helper
                0x00015584       0x34 mailutils/lib.a(mail.o)
 .text.signal_handler
                0x000155b8       0x98 mailutils/lib.a(mail.o)
 .text.adjtimex_main
                0x00015650      0x1f8 miscutils/lib.a(adjtimex.o)
                0x00015650                adjtimex_main
 .text.beep_main
                0x00015848      0x16c miscutils/lib.a(beep.o)
                0x00015848                beep_main
 .text.signal_handler
                0x000159b4       0x14 miscutils/lib.a(chat.o)
 .text.unescape
                0x000159c8       0xd4 miscutils/lib.a(chat.o)
 .text.chat_main
                0x00015a9c      0x5b8 miscutils/lib.a(chat.o)
                0x00015a9c                chat_main
 .text.show_min_max
                0x00016054       0x54 miscutils/lib.a(chrt.o)
 .text.chrt_main
                0x000160a8      0x1c4 miscutils/lib.a(chrt.o)
                0x000160a8                chrt_main
 .text.create_cdev_if_doesnt_exist
                0x0001626c       0x5c miscutils/lib.a(conspy.o)
 .text.start_shell_in_child
                0x000162c8       0xfc miscutils/lib.a(conspy.o)
 .text.putcsi   0x000163c4       0x34 miscutils/lib.a(conspy.o)
 .text.set_cursor
                0x000163f8       0x4c miscutils/lib.a(conspy.o)
 .text.gotoxy   0x00016444       0x4c miscutils/lib.a(conspy.o)
 .text.screen_char
                0x00016490      0x164 miscutils/lib.a(conspy.o)
 .text.screen_dump
                0x000165f4       0xf0 miscutils/lib.a(conspy.o)
 .text.cleanup  0x000166e4       0x60 miscutils/lib.a(conspy.o)
 .text.screen_read_close
                0x00016744      0x130 miscutils/lib.a(conspy.o)
 .text.conspy_main
                0x00016874      0x64c miscutils/lib.a(conspy.o)
                0x00016874                conspy_main
 .text.delete_cronfile
                0x00016ec0       0xb4 miscutils/lib.a(crond.o)
 .text.crondlog
                0x00016f74       0xe0 miscutils/lib.a(crond.o)
 .text.ParseField
                0x00017054      0x24c miscutils/lib.a(crond.o)
 .text.load_crontab
                0x000172a0      0x300 miscutils/lib.a(crond.o)
 .text.rescan_crontab_dir
                0x000175a0       0xc4 miscutils/lib.a(crond.o)
 .text.fork_job
                0x00017664      0x1b4 miscutils/lib.a(crond.o)
 .text.crond_main
                0x00017818      0x6a4 miscutils/lib.a(crond.o)
                0x00017818                crond_main
 .text.edit_file
                0x00017ebc       0x98 miscutils/lib.a(crontab.o)
 .text.crontab_main
                0x00017f54      0x2c4 miscutils/lib.a(crontab.o)
                0x00017f54                crontab_main
 .text.pop      0x00018218       0x38 miscutils/lib.a(dc.o)
 .text.push     0x00018250       0x48 miscutils/lib.a(dc.o)
 .text.eor      0x00018298       0x40 miscutils/lib.a(dc.o)
 .text.not      0x000182d8       0x20 miscutils/lib.a(dc.o)
 .text.or       0x000182f8       0x40 miscutils/lib.a(dc.o)
 .text.and      0x00018338       0x40 miscutils/lib.a(dc.o)
 .text.mod      0x00018378       0x54 miscutils/lib.a(dc.o)
 .text.divide   0x000183cc       0x28 miscutils/lib.a(dc.o)
 .text.mul      0x000183f4       0x30 miscutils/lib.a(dc.o)
 .text.sub      0x00018424       0x28 miscutils/lib.a(dc.o)
 .text.add      0x0001844c       0x30 miscutils/lib.a(dc.o)
 .text.stack_machine
                0x0001847c       0x8c miscutils/lib.a(dc.o)
 .text.dc_main  0x00018508       0xb0 miscutils/lib.a(dc.o)
                0x00018508                dc_main
 .text.set_output_base
                0x000185b8       0x58 miscutils/lib.a(dc.o)
 .text.print_base
                0x00018610      0x110 miscutils/lib.a(dc.o)
 .text.print_stack_no_pop
                0x00018720       0x3c miscutils/lib.a(dc.o)
 .text.print_no_pop
                0x0001875c       0x18 miscutils/lib.a(dc.o)
 .text.power    0x00018774       0x28 miscutils/lib.a(dc.o)
 .text.devmem_main
                0x0001879c      0x250 miscutils/lib.a(devmem.o)
                0x0001879c                devmem_main
 .text.eject_main
                0x000189ec      0x1bc miscutils/lib.a(eject.o)
                0x000189ec                eject_main
 .text.fb_pixel_value
                0x00018ba8       0x80 miscutils/lib.a(fbsplash.o)
 .text.fb_write_pixel
                0x00018c28       0x48 miscutils/lib.a(fbsplash.o)
 .text.fb_drawfullrectangle
                0x00018c70       0x88 miscutils/lib.a(fbsplash.o)
 .text.fb_drawprogressbar
                0x00018cf8      0x214 miscutils/lib.a(fbsplash.o)
 .text.fb_setpal
                0x00018f0c       0xbc miscutils/lib.a(fbsplash.o)
 .text.fbsplash_main
                0x00018fc8      0x4b8 miscutils/lib.a(fbsplash.o)
                0x00018fc8                fbsplash_main
 .text.parse_opts
                0x00019480       0x34 miscutils/lib.a(hdparm.o)
 .text.parse_opts_0_1
                0x000194b4        0xc miscutils/lib.a(hdparm.o)
 .text.parse_opts_0_max
                0x000194c0        0xc miscutils/lib.a(hdparm.o)
 .text.parse_opts_0_INTMAX
                0x000194cc        0xc miscutils/lib.a(hdparm.o)
 .text.parse_xfermode
                0x000194d8       0xc0 miscutils/lib.a(hdparm.o)
 .text.read_big_block
                0x00019598       0x3c miscutils/lib.a(hdparm.o)
 .text.xprint_ascii
                0x000195d4       0x94 miscutils/lib.a(hdparm.o)
 .text.mode_loop
                0x00019668       0x88 miscutils/lib.a(hdparm.o)
 .text.print_flag
                0x000196f0       0x1c miscutils/lib.a(hdparm.o)
 .text.on_off   0x0001970c       0x2c miscutils/lib.a(hdparm.o)
 .text.print_flag_on_off
                0x00019738       0x30 miscutils/lib.a(hdparm.o)
 .text.print_value_on_off
                0x00019768       0x2c miscutils/lib.a(hdparm.o)
 .text.bus_state_value
                0x00019794       0x4c miscutils/lib.a(hdparm.o)
 .text.identify
                0x000197e0     0x1238 miscutils/lib.a(hdparm.o)
 .text.identify_from_stdin
                0x0001aa18       0xb0 miscutils/lib.a(hdparm.o)
 .text.dump_identity
                0x0001aac8      0x488 miscutils/lib.a(hdparm.o)
 .text.seek_to_zero
                0x0001af50       0x24 miscutils/lib.a(hdparm.o)
 .text.flush_buffer_cache
                0x0001af74       0x74 miscutils/lib.a(hdparm.o)
 .text.do_time  0x0001afe8      0x1f0 miscutils/lib.a(hdparm.o)
 .text.T.79     0x0001b1d8       0x4c miscutils/lib.a(hdparm.o)
 .text.process_dev
                0x0001b224      0xe20 miscutils/lib.a(hdparm.o)
 .text.hdparm_main
                0x0001c044      0x444 miscutils/lib.a(hdparm.o)
                0x0001c044                hdparm_main
 .text.ionice_main
                0x0001c488      0x178 miscutils/lib.a(ionice.o)
                0x0001c488                ionice_main
 .text.show_entry
                0x0001c600      0x198 miscutils/lib.a(last_fancy.o)
 .text.last_main
                0x0001c798      0x3ac miscutils/lib.a(last_fancy.o)
                0x0001c798                last_main
 .text.opp_bracket
                0x0001cb44       0x5c miscutils/lib.a(less.o)
 .text.sigwinch_handler
                0x0001cba0       0x1c miscutils/lib.a(less.o)
 .text.clear_line
                0x0001cbbc       0x2c miscutils/lib.a(less.o)
 .text.print_statusline
                0x0001cbe8       0x38 miscutils/lib.a(less.o)
 .text.move_cursor
                0x0001cc20       0x20 miscutils/lib.a(less.o)
 .text.print_hilite
                0x0001cc40       0x1c miscutils/lib.a(less.o)
 .text.m_status_print
                0x0001cc5c       0xfc miscutils/lib.a(less.o)
 .text.fill_match_lines
                0x0001cd58       0xb4 miscutils/lib.a(less.o)
 .text.read_lines
                0x0001ce0c      0x3c0 miscutils/lib.a(less.o)
 .text.re_wrap  0x0001d1cc      0x1c8 miscutils/lib.a(less.o)
 .text.lineno_str
                0x0001d394       0x9c miscutils/lib.a(less.o)
 .text.print_found
                0x0001d430      0x1b4 miscutils/lib.a(less.o)
 .text.print_ascii
                0x0001d5e4      0x12c miscutils/lib.a(less.o)
 .text.status_print
                0x0001d710       0xa8 miscutils/lib.a(less.o)
 .text.buffer_print
                0x0001d7b8       0x68 miscutils/lib.a(less.o)
 .text.buffer_fill_and_print
                0x0001d820      0x108 miscutils/lib.a(less.o)
 .text.reinitialize
                0x0001d928       0xd0 miscutils/lib.a(less.o)
 .text.change_file
                0x0001d9f8       0x80 miscutils/lib.a(less.o)
 .text.buffer_down
                0x0001da78       0x90 miscutils/lib.a(less.o)
 .text.buffer_up
                0x0001db08       0x34 miscutils/lib.a(less.o)
 .text.buffer_line
                0x0001db3c       0x44 miscutils/lib.a(less.o)
 .text.goto_match
                0x0001db80       0x80 miscutils/lib.a(less.o)
 .text.set_tty_cooked
                0x0001dc00       0x2c miscutils/lib.a(less.o)
 .text.less_exit
                0x0001dc2c       0x24 miscutils/lib.a(less.o)
 .text.getch_nowait
                0x0001dc50      0x1b0 miscutils/lib.a(less.o)
 .text.less_getch
                0x0001de00       0x50 miscutils/lib.a(less.o)
 .text.less_gets
                0x0001de50       0xd0 miscutils/lib.a(less.o)
 .text.sig_catcher
                0x0001df20        0x8 miscutils/lib.a(less.o)
 .text.examine_file
                0x0001df28       0x90 miscutils/lib.a(less.o)
 .text.regex_process
                0x0001dfb8      0x12c miscutils/lib.a(less.o)
 .text.less_main
                0x0001e0e4      0xb64 miscutils/lib.a(less.o)
                0x0001e0e4                less_main
 .text.makedevs_main
                0x0001ec48      0x450 miscutils/lib.a(makedevs.o)
                0x0001ec48                makedevs_main
 .text.run_pipe
                0x0001f098      0x1b0 miscutils/lib.a(man.o)
 .text.show_manpage
                0x0001f248       0xf8 miscutils/lib.a(man.o)
 .text.man_main
                0x0001f340      0x3bc miscutils/lib.a(man.o)
                0x0001f340                man_main
 .text.xget1    0x0001f6fc       0x4c miscutils/lib.a(microcom.o)
 .text.xset1    0x0001f748       0x34 miscutils/lib.a(microcom.o)
 .text.microcom_main
                0x0001f77c      0x31c miscutils/lib.a(microcom.o)
                0x0001f77c                microcom_main
 .text.mountpoint_main
                0x0001fa98      0x230 miscutils/lib.a(mountpoint.o)
                0x0001fa98                mountpoint_main
 .text.mt_main  0x0001fcc8      0x138 miscutils/lib.a(mt.o)
                0x0001fcc8                mt_main
 .text.next_good_eraseblock
                0x0001fe00       0xa8 miscutils/lib.a(nandwrite.o)
 .text.dump_bad
                0x0001fea8       0x88 miscutils/lib.a(nandwrite.o)
 .text.nandwrite_main
                0x0001ff30      0x460 miscutils/lib.a(nandwrite.o)
                0x0001ff30                nandwrite_main
 .text.raidautorun_main
                0x00020390       0x38 miscutils/lib.a(raidautorun.o)
                0x00020390                raidautorun_main
 .text.readahead_main
                0x000203c8       0xa0 miscutils/lib.a(readahead.o)
                0x000203c8                readahead_main
 .text.runlevel_main
                0x00020468       0x98 miscutils/lib.a(runlevel.o)
                0x00020468                runlevel_main
 .text.sigalrm_handler
                0x00020500        0x4 miscutils/lib.a(rx.o)
 .text.read_byte
                0x00020504       0x38 miscutils/lib.a(rx.o)
 .text.rx_main  0x0002053c      0x41c miscutils/lib.a(rx.o)
                0x0002053c                rx_main
 .text.serial_open
                0x00020958       0x38 miscutils/lib.a(setserial.o)
 .text.index_in_strings_case_insensitive
                0x00020990       0x58 miscutils/lib.a(setserial.o)
 .text.get_numeric
                0x000209e8       0x18 miscutils/lib.a(setserial.o)
 .text.serial_ctl
                0x00020a00       0xb8 miscutils/lib.a(setserial.o)
 .text.print_flag
                0x00020ab8       0x30 miscutils/lib.a(setserial.o)
 .text.setserial_main
                0x00020ae8      0x580 miscutils/lib.a(setserial.o)
                0x00020ae8                setserial_main
 .text.setsid_main
                0x00021068       0x44 miscutils/lib.a(setsid.o)
                0x00021068                setsid_main
 .text.strings_main
                0x000210ac      0x1c0 miscutils/lib.a(strings.o)
                0x000210ac                strings_main
 .text.ptok     0x0002126c       0x34 miscutils/lib.a(time.o)
 .text.run_command
                0x000212a0       0xe0 miscutils/lib.a(time.o)
 .text.time_main
                0x00021380      0x604 miscutils/lib.a(time.o)
                0x00021380                time_main
 .text.timeout_main
                0x00021984      0x160 miscutils/lib.a(timeout.o)
                0x00021984                timeout_main
 .text.ttysize_main
                0x00021ae4       0xa4 miscutils/lib.a(ttysize.o)
                0x00021ae4                ttysize_main
 .text.get_num_from_file
                0x00021b88       0x84 miscutils/lib.a(ubi_tools.o)
 .text.ubi_tools_main
                0x00021c0c      0x4d0 miscutils/lib.a(ubi_tools.o)
                0x00021c0c                ubi_tools_main
 .text.volname_main
                0x000220dc       0x84 miscutils/lib.a(volname.o)
                0x000220dc                volname_main
 .text.wall_main
                0x00022160       0x8c miscutils/lib.a(wall.o)
                0x00022160                wall_main
 .text.watchdog_main
                0x000221ec      0x140 miscutils/lib.a(watchdog.o)
                0x000221ec                watchdog_main
 .text.watchdog_shutdown
                0x0002232c       0x3c miscutils/lib.a(watchdog.o)
 .text.display  0x00022368       0x68 modutils/lib.a(modinfo.o)
 .text.modinfo  0x000223d0      0x190 modutils/lib.a(modinfo.o)
 .text.modinfo_main
                0x00022560      0x180 modutils/lib.a(modinfo.o)
                0x00022560                modinfo_main
 .text.reset_stringbuf
                0x000226e0       0x18 modutils/lib.a(modprobe-small.o)
 .text.replace  0x000226f8       0x24 modutils/lib.a(modprobe-small.o)
 .text.load_module
                0x0002271c       0x5c modutils/lib.a(modprobe-small.o)
 .text.moderror
                0x00022778       0x50 modutils/lib.a(modprobe-small.o)
 .text.load_dep_bb
                0x000227c8      0x134 modutils/lib.a(modprobe-small.o)
 .text.pathname_matches_modname
                0x000228fc       0x60 modutils/lib.a(modprobe-small.o)
 .text.find_keyword
                0x0002295c       0x80 modutils/lib.a(modprobe-small.o)
 .text.append   0x000229dc       0x74 modutils/lib.a(modprobe-small.o)
 .text.copy_stringbuf
                0x00022a50       0x30 modutils/lib.a(modprobe-small.o)
 .text.str_2_list
                0x00022a80       0x4c modutils/lib.a(modprobe-small.o)
 .text.parse_module
                0x00022acc      0x170 modutils/lib.a(modprobe-small.o)
 .text.find_alias
                0x00022c3c      0x304 modutils/lib.a(modprobe-small.o)
 .text.process_module
                0x00022f40      0x2ec modutils/lib.a(modprobe-small.o)
 .text.modprobe_main
                0x0002322c      0x234 modutils/lib.a(modprobe-small.o)
                0x0002322c                modprobe_main
 .text.fileAction
                0x00023460       0xd0 modutils/lib.a(modprobe-small.o)
 .text.filename2modname
                0x00023530       0x78 modutils/lib.a(modutils.o)
                0x00023530                filename2modname
 .text.arp_show
                0x000235a8      0x2f4 networking/lib.a(arp.o)
 .text.arp_main
                0x0002389c      0x638 networking/lib.a(arp.o)
                0x0002389c                arp_main
 .text.finish   0x00023ed4       0x98 networking/lib.a(arping.o)
 .text.catcher  0x00023f6c      0x190 networking/lib.a(arping.o)
 .text.arping_main
                0x000240fc      0x7b0 networking/lib.a(arping.o)
                0x000240fc                arping_main
 .text.arm_ioctl
                0x000248ac        0xc networking/lib.a(brctl.o)
 .text.brctl_main
                0x000248b8      0x500 networking/lib.a(brctl.o)
                0x000248b8                brctl_main
 .text.undot    0x00024db8       0x4c networking/lib.a(dnsd.o)
 .text.dnsd_main
                0x00024e04      0x60c networking/lib.a(dnsd.o)
                0x00024e04                dnsd_main
 .text.ether_wake_main
                0x00025410      0x2ec networking/lib.a(ether-wake.o)
                0x00025410                ether_wake_main
 .text.replace_char
                0x000256fc       0x28 networking/lib.a(ftpd.o)
 .text.pasv_active
                0x00025724       0x1c networking/lib.a(ftpd.o)
 .text.verbose_log
                0x00025740       0x30 networking/lib.a(ftpd.o)
 .text.cmdio_write_ok
                0x00025770       0x48 networking/lib.a(ftpd.o)
 .text.cmdio_write_error
                0x000257b8       0x48 networking/lib.a(ftpd.o)
 .text.escape_text
                0x00025800       0xa4 networking/lib.a(ftpd.o)
 .text.cmdio_write
                0x000258a4       0x6c networking/lib.a(ftpd.o)
 .text.handle_cwd
                0x00025910       0x44 networking/lib.a(ftpd.o)
 .text.cmdio_write_raw
                0x00025954       0x3c networking/lib.a(ftpd.o)
 .text.port_or_pasv_was_seen
                0x00025990       0x44 networking/lib.a(ftpd.o)
 .text.port_pasv_cleanup
                0x000259d4       0x38 networking/lib.a(ftpd.o)
 .text.get_remote_transfer_fd
                0x00025a0c       0x94 networking/lib.a(ftpd.o)
 .text.handle_dir_common
                0x00025aa0      0x1b0 networking/lib.a(ftpd.o)
 .text.bind_for_passive_mode
                0x00025c50       0x9c networking/lib.a(ftpd.o)
 .text.timeout_handler
                0x00025cec       0x9c networking/lib.a(ftpd.o)
 .text.handle_upload_common
                0x00025d88      0x18c networking/lib.a(ftpd.o)
 .text.ftpd_main
                0x00025f14      0xadc networking/lib.a(ftpd.o)
                0x00025f14                ftpd_main
 .text.ftp_die  0x000269f0       0x54 networking/lib.a(ftpgetput.o)
 .text.ftpcmd   0x00026a44       0xcc networking/lib.a(ftpgetput.o)
 .text.ftpgetput_main
                0x00026b10      0x1d0 networking/lib.a(ftpgetput.o)
                0x00026b10                ftpgetput_main
 .text.xconnect_ftpdata
                0x00026ce0       0xb8 networking/lib.a(ftpgetput.o)
 .text.pump_data_and_QUIT
                0x00026d98       0x68 networking/lib.a(ftpgetput.o)
 .text.ftp_receive
                0x00026e00      0x164 networking/lib.a(ftpgetput.o)
 .text.ftp_send
                0x00026f64       0x70 networking/lib.a(ftpgetput.o)
 .text.do_sethostname
                0x00026fd4       0x88 networking/lib.a(hostname.o)
 .text.hostname_main
                0x0002705c      0x168 networking/lib.a(hostname.o)
                0x0002705c                hostname_main
 .text.scan_ip  0x000271c4       0xd0 networking/lib.a(httpd.o)
 .text.checkPermIP
                0x00027294       0x5c networking/lib.a(httpd.o)
 .text.free_llist
                0x000272f0       0x30 networking/lib.a(httpd.o)
 .text.parse_conf
                0x00027320      0x5f0 networking/lib.a(httpd.o)
 .text.sighup_handler
                0x00027910       0x10 networking/lib.a(httpd.o)
 .text.get_line
                0x00027920       0xb4 networking/lib.a(httpd.o)
 .text.check_user_passwd
                0x000279d4      0x228 networking/lib.a(httpd.o)
 .text.log_and_exit
                0x00027bfc       0x3c networking/lib.a(httpd.o)
 .text.cgi_io_loop_and_exit
                0x00027c38      0x270 networking/lib.a(httpd.o)
 .text.setenv1  0x00027ea8       0x24 networking/lib.a(httpd.o)
 .text.send_file_and_exit
                0x00027ecc      0x3f0 networking/lib.a(httpd.o)
 .text.send_headers
                0x000282bc      0x35c networking/lib.a(httpd.o)
 .text.send_headers_and_exit
                0x00028618       0x1c networking/lib.a(httpd.o)
 .text.send_cgi_and_exit
                0x00028634      0x3fc networking/lib.a(httpd.o)
 .text.send_REQUEST_TIMEOUT_and_exit
                0x00028a30        0x8 networking/lib.a(httpd.o)
 .text.handle_incoming_and_exit
                0x00028a38      0xc20 networking/lib.a(httpd.o)
 .text.httpd_main
                0x00029658      0x3b8 networking/lib.a(httpd.o)
                0x00029658                httpd_main
 .text.ifconfig_main
                0x00029a10      0x4e8 networking/lib.a(ifconfig.o)
                0x00029a10                ifconfig_main
 .text.ioctl_on_skfd
                0x00029ef8       0x1c networking/lib.a(ifenslave.o)
 .text.set_ifrname_and_do_ioctl
                0x00029f14       0x28 networking/lib.a(ifenslave.o)
 .text.get_slave_flags
                0x00029f3c       0x20 networking/lib.a(ifenslave.o)
 .text.set_if_flags
                0x00029f5c       0x2c networking/lib.a(ifenslave.o)
 .text.set_if_down
                0x00029f88       0x30 networking/lib.a(ifenslave.o)
 .text.set_if_up
                0x00029fb8       0x30 networking/lib.a(ifenslave.o)
 .text.set_mtu  0x00029fe8       0x2c networking/lib.a(ifenslave.o)
 .text.get_if_settings
                0x0002a014       0x58 networking/lib.a(ifenslave.o)
 .text.set_hwaddr
                0x0002a06c       0x38 networking/lib.a(ifenslave.o)
 .text.get_drv_info
                0x0002a0a4       0xe0 networking/lib.a(ifenslave.o)
 .text.enslave  0x0002a184      0x2a8 networking/lib.a(ifenslave.o)
 .text.ifenslave_main
                0x0002a42c      0x310 networking/lib.a(ifenslave.o)
                0x0002a42c                ifenslave_main
 .text.strstatus
                0x0002a73c       0x24 networking/lib.a(ifplugd.o)
 .text.read_pid
                0x0002a760       0x50 networking/lib.a(ifplugd.o)
 .text.set_ifreq_to_ifname
                0x0002a7b0       0x34 networking/lib.a(ifplugd.o)
 .text.network_ioctl
                0x0002a7e4       0x48 networking/lib.a(ifplugd.o)
 .text.detect_link_iff
                0x0002a82c       0x70 networking/lib.a(ifplugd.o)
 .text.detect_link_priv
                0x0002a89c       0x7c networking/lib.a(ifplugd.o)
 .text.detect_link_mii
                0x0002a918       0x7c networking/lib.a(ifplugd.o)
 .text.detect_link_ethtool
                0x0002a994       0x60 networking/lib.a(ifplugd.o)
 .text.check_existence_through_netlink
                0x0002a9f4      0x180 networking/lib.a(ifplugd.o)
 .text.up_iface
                0x0002ab74       0xa0 networking/lib.a(ifplugd.o)
 .text.maybe_up_new_iface
                0x0002ac14       0x40 networking/lib.a(ifplugd.o)
 .text.detect_link
                0x0002ac54      0x134 networking/lib.a(ifplugd.o)
 .text.detect_link_wlan
                0x0002ad88       0xb8 networking/lib.a(ifplugd.o)
 .text.run_script
                0x0002ae40      0x100 networking/lib.a(ifplugd.o)
 .text.ifplugd_main
                0x0002af40      0x58c networking/lib.a(ifplugd.o)
                0x0002af40                ifplugd_main
 .text.manual_up_down6
                0x0002b4cc        0x8 networking/lib.a(ifupdown.o)
 .text.manual_up_down
                0x0002b4d4        0x8 networking/lib.a(ifupdown.o)
 .text.check    0x0002b4dc        0xc networking/lib.a(ifupdown.o)
 .text.strncmpz
                0x0002b4e8       0x24 networking/lib.a(ifupdown.o)
 .text.get_var  0x0002b50c       0x90 networking/lib.a(ifupdown.o)
 .text.find_iface_state
                0x0002b59c       0x5c networking/lib.a(ifupdown.o)
 .text.addstr   0x0002b5f8       0x5c networking/lib.a(ifupdown.o)
 .text.execute  0x0002b654      0x2fc networking/lib.a(ifupdown.o)
 .text.loopback_down6
                0x0002b950       0x14 networking/lib.a(ifupdown.o)
 .text.loopback_up6
                0x0002b964       0x50 networking/lib.a(ifupdown.o)
 .text.static_down6
                0x0002b9b4       0x14 networking/lib.a(ifupdown.o)
 .text.static_up6
                0x0002b9c8       0x68 networking/lib.a(ifupdown.o)
 .text.v4tunnel_down
                0x0002ba30       0x14 networking/lib.a(ifupdown.o)
 .text.v4tunnel_up
                0x0002ba44       0x80 networking/lib.a(ifupdown.o)
 .text.loopback_down
                0x0002bac4       0x50 networking/lib.a(ifupdown.o)
 .text.loopback_up
                0x0002bb14       0x50 networking/lib.a(ifupdown.o)
 .text.dhcp_up  0x0002bb64       0x48 networking/lib.a(ifupdown.o)
 .text.bootp_up
                0x0002bbac       0x14 networking/lib.a(ifupdown.o)
 .text.static_down
                0x0002bbc0       0x50 networking/lib.a(ifupdown.o)
 .text.static_up
                0x0002bc10       0x68 networking/lib.a(ifupdown.o)
 .text.ppp_down
                0x0002bc78       0x14 networking/lib.a(ifupdown.o)
 .text.ppp_up   0x0002bc8c       0x14 networking/lib.a(ifupdown.o)
 .text.wvdial_down
                0x0002bca0       0x14 networking/lib.a(ifupdown.o)
 .text.wvdial_up
                0x0002bcb4       0x14 networking/lib.a(ifupdown.o)
 .text.dhcp_down
                0x0002bcc8       0x54 networking/lib.a(ifupdown.o)
 .text.next_word
                0x0002bd1c       0x5c networking/lib.a(ifupdown.o)
 .text.popen2   0x0002bd78       0xbc networking/lib.a(ifupdown.o)
 .text.read_iface_state
                0x0002be34       0x6c networking/lib.a(ifupdown.o)
 .text.setlocalenv
                0x0002bea0       0x88 networking/lib.a(ifupdown.o)
 .text.set_environ
                0x0002bf28      0x174 networking/lib.a(ifupdown.o)
 .text.doit     0x0002c09c       0xac networking/lib.a(ifupdown.o)
 .text.execute_all
                0x0002c148       0x70 networking/lib.a(ifupdown.o)
 .text.iface_up
                0x0002c1b8       0xb8 networking/lib.a(ifupdown.o)
 .text.iface_down
                0x0002c270       0xb8 networking/lib.a(ifupdown.o)
 .text.read_interfaces
                0x0002c328      0x5c0 networking/lib.a(ifupdown.o)
 .text.ifupdown_main
                0x0002c8e8      0x4e0 networking/lib.a(ifupdown.o)
                0x0002c8e8                ifupdown_main
 .text.remove_fd_from_set
                0x0002cdc8       0x3c networking/lib.a(inetd.o)
 .text.init_ring
                0x0002ce04       0x30 networking/lib.a(inetd.o)
 .text.discard_dg
                0x0002ce34       0x24 networking/lib.a(inetd.o)
 .text.maybe_close
                0x0002ce58       0x14 networking/lib.a(inetd.o)
 .text.free_servtab_strings
                0x0002ce6c       0x64 networking/lib.a(inetd.o)
 .text.bump_nofile
                0x0002ced0       0xdc networking/lib.a(inetd.o)
 .text.add_fd_to_set
                0x0002cfac       0x90 networking/lib.a(inetd.o)
 .text.block_CHLD_HUP_ALRM
                0x0002d03c       0x48 networking/lib.a(inetd.o)
 .text.restore_sigmask
                0x0002d084       0x1c networking/lib.a(inetd.o)
 .text.rearm_alarm
                0x0002d0a0       0x2c networking/lib.a(inetd.o)
 .text.xzalloc_lsa
                0x0002d0cc       0x38 networking/lib.a(inetd.o)
 .text.new_servtab
                0x0002d104       0x1c networking/lib.a(inetd.o)
 .text.unregister_rpc
                0x0002d120       0x4c networking/lib.a(inetd.o)
 .text.clean_up_and_exit
                0x0002d16c       0x84 networking/lib.a(inetd.o)
 .text.reap_child
                0x0002d1f0       0xc0 networking/lib.a(inetd.o)
 .text.daytime_dg
                0x0002d2b0       0xb4 networking/lib.a(inetd.o)
 .text.daytime_stream
                0x0002d364       0x3c networking/lib.a(inetd.o)
 .text.machtime
                0x0002d3a0       0x40 networking/lib.a(inetd.o)
 .text.machtime_dg
                0x0002d3e0       0x88 networking/lib.a(inetd.o)
 .text.machtime_stream
                0x0002d468       0x28 networking/lib.a(inetd.o)
 .text.chargen_dg
                0x0002d490      0x104 networking/lib.a(inetd.o)
 .text.chargen_stream
                0x0002d594       0xa0 networking/lib.a(inetd.o)
 .text.discard_stream
                0x0002d634       0x30 networking/lib.a(inetd.o)
 .text.echo_stream
                0x0002d664       0x40 networking/lib.a(inetd.o)
 .text.echo_dg  0x0002d6a4       0x90 networking/lib.a(inetd.o)
 .text.register_rpc
                0x0002d734       0xd4 networking/lib.a(inetd.o)
 .text.prepare_socket_fd
                0x0002d808      0x168 networking/lib.a(inetd.o)
 .text.reread_config_file
                0x0002d970      0x9cc networking/lib.a(inetd.o)
 .text.inetd_main
                0x0002e33c      0x914 networking/lib.a(inetd.o)
                0x0002e33c                inetd_main
 .text.retry_network_setup
                0x0002ec50       0x74 networking/lib.a(inetd.o)
 .text.get_afntype
                0x0002ecc4       0x34 networking/lib.a(interface.o)
 .text.get_hwntype
                0x0002ecf8       0x34 networking/lib.a(interface.o)
                0x0002ecf8                get_hwntype
 .text.get_hwtype
                0x0002ed2c       0x48 networking/lib.a(interface.o)
                0x0002ed2c                get_hwtype
 .text.get_aftype
                0x0002ed74       0x48 networking/lib.a(interface.o)
                0x0002ed74                get_aftype
 .text.add_interface
                0x0002edbc       0x94 networking/lib.a(interface.o)
 .text.if_readconf
                0x0002ee50       0xd4 networking/lib.a(interface.o)
 .text.if_readlist_proc
                0x0002ef24      0x2ac networking/lib.a(interface.o)
 .text.do_if_fetch
                0x0002f1d0      0x31c networking/lib.a(interface.o)
 .text.print_bytes_scaled
                0x0002f4ec       0x9c networking/lib.a(interface.o)
 .text.UNSPEC_print
                0x0002f588       0x78 networking/lib.a(interface.o)
 .text.UNSPEC_sprint
                0x0002f600       0x28 networking/lib.a(interface.o)
 .text.INET6_input
                0x0002f628       0x10 networking/lib.a(interface.o)
 .text.INET6_sprint
                0x0002f638       0x50 networking/lib.a(interface.o)
 .text.INET_input
                0x0002f688       0x14 networking/lib.a(interface.o)
 .text.INET_sprint
                0x0002f69c       0x54 networking/lib.a(interface.o)
 .text.ife_print
                0x0002f6f0      0x5c8 networking/lib.a(interface.o)
 .text.display_interfaces
                0x0002fcb8       0xd4 networking/lib.a(interface.o)
                0x0002fcb8                display_interfaces
 .text.in_ib    0x0002fd8c       0x2c networking/lib.a(interface.o)
                0x0002fd8c                in_ib
 .text.ether_print
                0x0002fdb8       0x54 networking/lib.a(interface.o)
 .text.ip_do    0x0002fe0c       0x20 networking/lib.a(ip.o)
 .text.iptunnel_main
                0x0002fe2c        0xc networking/lib.a(ip.o)
                0x0002fe2c                iptunnel_main
 .text.iprule_main
                0x0002fe38        0xc networking/lib.a(ip.o)
                0x0002fe38                iprule_main
 .text.iproute_main
                0x0002fe44        0xc networking/lib.a(ip.o)
                0x0002fe44                iproute_main
 .text.iplink_main
                0x0002fe50        0xc networking/lib.a(ip.o)
                0x0002fe50                iplink_main
 .text.ipaddr_main
                0x0002fe5c        0xc networking/lib.a(ip.o)
                0x0002fe5c                ipaddr_main
 .text.ip_main  0x0002fe68       0x50 networking/lib.a(ip.o)
                0x0002fe68                ip_main
 .text.ip_print_help
                0x0002feb8        0x8 networking/lib.a(ip.o)
 .text.ipcalc_main
                0x0002fec0      0x2d4 networking/lib.a(ipcalc.o)
                0x0002fec0                ipcalc_main
 .text.do_timeout
                0x00030194        0x8 networking/lib.a(isrv_identd.o)
 .text.do_rd    0x0003019c      0x110 networking/lib.a(isrv_identd.o)
 .text.fakeidentd_main
                0x000302ac      0x160 networking/lib.a(isrv_identd.o)
                0x000302ac                fakeidentd_main
 .text.new_peer
                0x0003040c       0x74 networking/lib.a(isrv_identd.o)
 .text.prepend_new_eth_table
                0x00030480      0x1a0 networking/lib.a(nameif.o)
 .text.nameif_main
                0x00030620      0x31c networking/lib.a(nameif.o)
                0x00030620                nameif_main
 .text.nbdclient_main
                0x0003093c      0x22c networking/lib.a(nbd-client.o)
                0x0003093c                nbdclient_main
 .text.nc_main  0x00030b68      0x460 networking/lib.a(nc.o)
                0x00030b68                nc_main
 .text.timeout  0x00030fc8       0x10 networking/lib.a(nc.o)
 .text.prg_cache_get
                0x00030fd8       0x54 networking/lib.a(netstat.o)
 .text.dir_act  0x0003102c       0xf0 networking/lib.a(netstat.o)
 .text.add_to_prg_cache_if_socket
                0x0003111c      0x120 networking/lib.a(netstat.o)
 .text.do_info  0x0003123c       0x7c networking/lib.a(netstat.o)
 .text.netstat_main
                0x000312b8      0x2a4 networking/lib.a(netstat.o)
                0x000312b8                netstat_main
 .text.build_ipv4_addr
                0x0003155c       0x28 networking/lib.a(netstat.o)
 .text.unix_do_one
                0x00031584      0x288 networking/lib.a(netstat.o)
 .text.build_ipv6_addr
                0x0003180c       0x70 networking/lib.a(netstat.o)
 .text.scan_inet_proc_line
                0x0003187c       0xbc networking/lib.a(netstat.o)
 .text.ip_port_str
                0x00031938       0xa8 networking/lib.a(netstat.o)
 .text.print_inet_line
                0x000319e0      0x108 networking/lib.a(netstat.o)
 .text.raw_do_one
                0x00031ae8       0x98 networking/lib.a(netstat.o)
 .text.udp_do_one
                0x00031b80       0xc4 networking/lib.a(netstat.o)
 .text.tcp_do_one
                0x00031c44       0x6c networking/lib.a(netstat.o)
 .text.set_default_dns
                0x00031cb0       0x6c networking/lib.a(nslookup.o)
 .text.print_host
                0x00031d1c       0xec networking/lib.a(nslookup.o)
 .text.nslookup_main
                0x00031e08       0x8c networking/lib.a(nslookup.o)
                0x00031e08                nslookup_main
 .text.my_SQRT  0x00031e94       0xa0 networking/lib.a(ntpd.o)
 .text.lfp_to_d
                0x00031f34       0x80 networking/lib.a(ntpd.o)
 .text.sfp_to_d
                0x00031fb4       0x68 networking/lib.a(ntpd.o)
 .text.d_to_lfp
                0x0003201c       0x94 networking/lib.a(ntpd.o)
 .text.d_to_sfp
                0x000320b0       0x80 networking/lib.a(ntpd.o)
 .text.set_next
                0x00032130       0x3c networking/lib.a(ntpd.o)
 .text.filter_datapoints
                0x0003216c      0x1cc networking/lib.a(ntpd.o)
 .text.reset_peer_stats
                0x00032338      0x12c networking/lib.a(ntpd.o)
 .text.compare_point_edge
                0x00032464       0x58 networking/lib.a(ntpd.o)
 .text.compare_survivor_metric
                0x000324bc       0x58 networking/lib.a(ntpd.o)
 .text.poll_interval
                0x00032514       0x48 networking/lib.a(ntpd.o)
 .text.do_sendto
                0x0003255c       0x88 networking/lib.a(ntpd.o)
 .text.select_and_cluster
                0x000325e4      0x758 networking/lib.a(ntpd.o)
 .text.gettime1900d
                0x00032d3c       0x7c networking/lib.a(ntpd.o)
 .text.ntp_init
                0x00032db8      0x20c networking/lib.a(ntpd.o)
 .text.recv_and_process_client_pkt
                0x00032fc4      0x214 networking/lib.a(ntpd.o)
 .text.step_time
                0x000331d8      0x204 networking/lib.a(ntpd.o)
 .text.run_script
                0x000333dc      0x130 networking/lib.a(ntpd.o)
 .text.T.101    0x0003350c       0x28 networking/lib.a(ntpd.o)
 .text.update_local_clock
                0x00033534      0x480 networking/lib.a(ntpd.o)
 .text.recv_and_process_peer_pkt
                0x000339b4      0x5c0 networking/lib.a(ntpd.o)
 .text.ntpd_main
                0x00033f74      0x4ac networking/lib.a(ntpd.o)
                0x00033f74                ntpd_main
 .text.unpack_tail
                0x00034420      0x138 networking/lib.a(ping.o)
 .text.print_stats_and_exit
                0x00034558      0x148 networking/lib.a(ping.o)
 .text.T.49     0x000346a0      0x114 networking/lib.a(ping.o)
 .text.sendping4
                0x000347b4       0x70 networking/lib.a(ping.o)
 .text.sendping6
                0x00034824       0x54 networking/lib.a(ping.o)
 .text.common_ping_main
                0x00034878      0x7a0 networking/lib.a(ping.o)
 .text.ping6_main
                0x00035018        0x8 networking/lib.a(ping.o)
                0x00035018                ping6_main
 .text.ping_main
                0x00035020        0x8 networking/lib.a(ping.o)
                0x00035020                ping_main
 .text.pscan_main
                0x00035028      0x304 networking/lib.a(pscan.o)
                0x00035028                pscan_main
 .text.set_flags
                0x0003532c       0x4c networking/lib.a(route.o)
 .text.kw_lookup
                0x00035378       0x80 networking/lib.a(route.o)
 .text.INET6_displayroutes
                0x000353f8      0x210 networking/lib.a(route.o)
 .text.INET6_setroute
                0x00035608      0x274 networking/lib.a(route.o)
 .text.INET_setroute
                0x0003587c      0x3dc networking/lib.a(route.o)
 .text.bb_displayroutes
                0x00035c58      0x1f8 networking/lib.a(route.o)
                0x00035c58                bb_displayroutes
 .text.route_main
                0x00035e50      0x150 networking/lib.a(route.o)
                0x00035e50                route_main
 .text.set_termios_state_or_warn
                0x00035fa0       0x40 networking/lib.a(slattach.o)
 .text.restore_state_and_exit
                0x00035fe0       0x90 networking/lib.a(slattach.o)
 .text.slattach_main
                0x00036070      0x2ec networking/lib.a(slattach.o)
                0x00036070                slattach_main
 .text.sig_handler
                0x0003635c        0xc networking/lib.a(slattach.o)
 .text.connection_status